Archive member included to satisfy reference by file (symbol)

/usr/lib/gcc/arm-none-eabi/14.1.0/../../../../arm-none-eabi/lib/thumb/v7e-m+dp/hard/libc_nano.a(libc_a-atexit.o)
                              /usr/lib/gcc/arm-none-eabi/14.1.0/../../../../arm-none-eabi/lib/thumb/v7e-m+dp/hard/crt0.o (atexit)
/usr/lib/gcc/arm-none-eabi/14.1.0/../../../../arm-none-eabi/lib/thumb/v7e-m+dp/hard/libc_nano.a(libc_a-atoi.o)
                              build/netif.o (atoi)
/usr/lib/gcc/arm-none-eabi/14.1.0/../../../../arm-none-eabi/lib/thumb/v7e-m+dp/hard/libc_nano.a(libc_a-exit.o)
                              /usr/lib/gcc/arm-none-eabi/14.1.0/../../../../arm-none-eabi/lib/thumb/v7e-m+dp/hard/crt0.o (exit)
/usr/lib/gcc/arm-none-eabi/14.1.0/../../../../arm-none-eabi/lib/thumb/v7e-m+dp/hard/libc_nano.a(libc_a-rand.o)
                              build/tcp.o (rand)
/usr/lib/gcc/arm-none-eabi/14.1.0/../../../../arm-none-eabi/lib/thumb/v7e-m+dp/hard/libc_nano.a(libc_a-strtol.o)
                              /usr/lib/gcc/arm-none-eabi/14.1.0/../../../../arm-none-eabi/lib/thumb/v7e-m+dp/hard/libc_nano.a(libc_a-atoi.o) (_strtol_r)
/usr/lib/gcc/arm-none-eabi/14.1.0/../../../../arm-none-eabi/lib/thumb/v7e-m+dp/hard/libc_nano.a(libc_a-ctype_.o)
                              build/ip4_addr.o (_ctype_)
/usr/lib/gcc/arm-none-eabi/14.1.0/../../../../arm-none-eabi/lib/thumb/v7e-m+dp/hard/libc_nano.a(libc_a-findfp.o)
                              /usr/lib/gcc/arm-none-eabi/14.1.0/../../../../arm-none-eabi/lib/thumb/v7e-m+dp/hard/libc_nano.a(libc_a-exit.o) (__stdio_exit_handler)
/usr/lib/gcc/arm-none-eabi/14.1.0/../../../../arm-none-eabi/lib/thumb/v7e-m+dp/hard/libc_nano.a(libc_a-fwalk.o)
                              /usr/lib/gcc/arm-none-eabi/14.1.0/../../../../arm-none-eabi/lib/thumb/v7e-m+dp/hard/libc_nano.a(libc_a-findfp.o) (_fwalk_sglue)
/usr/lib/gcc/arm-none-eabi/14.1.0/../../../../arm-none-eabi/lib/thumb/v7e-m+dp/hard/libc_nano.a(libc_a-printf.o)
                              build/ethernetif.o (printf)
/usr/lib/gcc/arm-none-eabi/14.1.0/../../../../arm-none-eabi/lib/thumb/v7e-m+dp/hard/libc_nano.a(libc_a-puts.o)
                              build/main.o (puts)
/usr/lib/gcc/arm-none-eabi/14.1.0/../../../../arm-none-eabi/lib/thumb/v7e-m+dp/hard/libc_nano.a(libc_a-stdio.o)
                              /usr/lib/gcc/arm-none-eabi/14.1.0/../../../../arm-none-eabi/lib/thumb/v7e-m+dp/hard/libc_nano.a(libc_a-findfp.o) (__sread)
/usr/lib/gcc/arm-none-eabi/14.1.0/../../../../arm-none-eabi/lib/thumb/v7e-m+dp/hard/libc_nano.a(libc_a-wbuf.o)
                              /usr/lib/gcc/arm-none-eabi/14.1.0/../../../../arm-none-eabi/lib/thumb/v7e-m+dp/hard/libc_nano.a(libc_a-puts.o) (__swbuf_r)
/usr/lib/gcc/arm-none-eabi/14.1.0/../../../../arm-none-eabi/lib/thumb/v7e-m+dp/hard/libc_nano.a(libc_a-wsetup.o)
                              /usr/lib/gcc/arm-none-eabi/14.1.0/../../../../arm-none-eabi/lib/thumb/v7e-m+dp/hard/libc_nano.a(libc_a-puts.o) (__swsetup_r)
/usr/lib/gcc/arm-none-eabi/14.1.0/../../../../arm-none-eabi/lib/thumb/v7e-m+dp/hard/libc_nano.a(libc_a-memcmp.o)
                              build/bridgeif_fdb.o (memcmp)
/usr/lib/gcc/arm-none-eabi/14.1.0/../../../../arm-none-eabi/lib/thumb/v7e-m+dp/hard/libc_nano.a(libc_a-memmove.o)
                              build/def.o (memmove)
/usr/lib/gcc/arm-none-eabi/14.1.0/../../../../arm-none-eabi/lib/thumb/v7e-m+dp/hard/libc_nano.a(libc_a-memset.o)
                              /usr/lib/gcc/arm-none-eabi/14.1.0/../../../../arm-none-eabi/lib/thumb/v7e-m+dp/hard/crt0.o (memset)
/usr/lib/gcc/arm-none-eabi/14.1.0/../../../../arm-none-eabi/lib/thumb/v7e-m+dp/hard/libc_nano.a(libc_a-strncmp.o)
                              build/def.o (strncmp)
/usr/lib/gcc/arm-none-eabi/14.1.0/../../../../arm-none-eabi/lib/thumb/v7e-m+dp/hard/libc_nano.a(libc_a-closer.o)
                              /usr/lib/gcc/arm-none-eabi/14.1.0/../../../../arm-none-eabi/lib/thumb/v7e-m+dp/hard/libc_nano.a(libc_a-stdio.o) (_close_r)
/usr/lib/gcc/arm-none-eabi/14.1.0/../../../../arm-none-eabi/lib/thumb/v7e-m+dp/hard/libc_nano.a(libc_a-reent.o)
                              build/sysmem.o (errno)
/usr/lib/gcc/arm-none-eabi/14.1.0/../../../../arm-none-eabi/lib/thumb/v7e-m+dp/hard/libc_nano.a(libc_a-impure.o)
                              /usr/lib/gcc/arm-none-eabi/14.1.0/../../../../arm-none-eabi/lib/thumb/v7e-m+dp/hard/libc_nano.a(libc_a-rand.o) (_impure_ptr)
/usr/lib/gcc/arm-none-eabi/14.1.0/../../../../arm-none-eabi/lib/thumb/v7e-m+dp/hard/libc_nano.a(libc_a-lseekr.o)
                              /usr/lib/gcc/arm-none-eabi/14.1.0/../../../../arm-none-eabi/lib/thumb/v7e-m+dp/hard/libc_nano.a(libc_a-stdio.o) (_lseek_r)
/usr/lib/gcc/arm-none-eabi/14.1.0/../../../../arm-none-eabi/lib/thumb/v7e-m+dp/hard/libc_nano.a(libc_a-readr.o)
                              /usr/lib/gcc/arm-none-eabi/14.1.0/../../../../arm-none-eabi/lib/thumb/v7e-m+dp/hard/libc_nano.a(libc_a-stdio.o) (_read_r)
[...]
Memory Configuration

Name             Origin             Length             Attributes
FLASH            0x08000000         0x00100000         xr
RAM              0x20000000         0x00020000         xrw
ITCMRAM          0x00000000         0x00010000         xrw
*default*        0x00000000         0xffffffff

Linker script and memory map

LOAD /usr/lib/gcc/arm-none-eabi/14.1.0/thumb/v7e-m+dp/hard/crti.o
LOAD /usr/lib/gcc/arm-none-eabi/14.1.0/thumb/v7e-m+dp/hard/crtbegin.o
LOAD /usr/lib/gcc/arm-none-eabi/14.1.0/../../../../arm-none-eabi/lib/thumb/v7e-m+dp/hard/crt0.o
LOAD build/lwip.o
LOAD build/ethernetif.o
LOAD build/main.o
LOAD build/stm32h7xx_it.o
LOAD build/stm32h7xx_hal_msp.o
LOAD build/lan8742.o
LOAD build/stm32h7xx_hal_eth.o
LOAD build/stm32h7xx_hal_eth_ex.o
LOAD build/stm32h7xx_hal_rcc.o
LOAD build/stm32h7xx_hal_rcc_ex.o
LOAD build/stm32h7xx_hal_flash.o
LOAD build/stm32h7xx_hal_flash_ex.o
LOAD build/stm32h7xx_hal_gpio.o
LOAD build/stm32h7xx_hal_hsem.o
LOAD build/stm32h7xx_hal_dma.o
LOAD build/stm32h7xx_hal_dma_ex.o
LOAD build/stm32h7xx_hal_mdma.o
LOAD build/stm32h7xx_hal_pwr.o
LOAD build/stm32h7xx_hal_pwr_ex.o
LOAD build/stm32h7xx_hal_cortex.o
LOAD build/stm32h7xx_hal.o
LOAD build/stm32h7xx_hal_i2c.o
LOAD build/stm32h7xx_hal_i2c_ex.o
LOAD build/stm32h7xx_hal_exti.o
LOAD build/stm32h7xx_hal_tim.o
LOAD build/stm32h7xx_hal_tim_ex.o
LOAD build/stm32h7xx_hal_uart.o
LOAD build/stm32h7xx_hal_uart_ex.o
LOAD build/system_stm32h7xx_dualcore_boot_cm4_cm7.o
LOAD build/auth.o
LOAD build/ccp.o
LOAD build/chap_ms.o
LOAD build/chap-md5.o
LOAD build/chap-new.o
LOAD build/demand.o
LOAD build/eap.o
LOAD build/eui64.o
LOAD build/fsm.o
LOAD build/ipcp.o
LOAD build/ipv6cp.o
LOAD build/lcp.o
LOAD build/magic.o
LOAD build/mppe.o
LOAD build/multilink.o
LOAD build/ppp.o
LOAD build/pppapi.o
LOAD build/pppcrypt.o
LOAD build/pppoe.o
LOAD build/pppol2tp.o
LOAD build/pppos.o
LOAD build/upap.o
LOAD build/utils.o
LOAD build/vj.o
LOAD build/bridgeif.o
LOAD build/bridgeif_fdb.o
LOAD build/ethernet.o
LOAD build/lowpan6.o
LOAD build/lowpan6_ble.o
LOAD build/lowpan6_common.o
LOAD build/slipif.o
LOAD build/zepif.o
LOAD build/ecp.o
LOAD build/api_lib.o
LOAD build/netifapi.o
LOAD build/if_api.o
LOAD build/err.o
LOAD build/sockets.o
LOAD build/netbuf.o
LOAD build/tcpip.o
LOAD build/netdb.o
LOAD build/api_msg.o
LOAD build/tcp.o
LOAD build/timeouts.o
LOAD build/ip.o
LOAD build/altcp.o
LOAD build/sys.o
LOAD build/altcp_alloc.o
LOAD build/dns.o
LOAD build/udp.o
LOAD build/pbuf.o
LOAD build/tcp_out.o
LOAD build/def.o
LOAD build/init.o
LOAD build/raw.o
LOAD build/tcp_in.o
LOAD build/altcp_tcp.o
LOAD build/inet_chksum.o
LOAD build/netif.o
LOAD build/mem.o
LOAD build/stats.o
LOAD build/memp.o
LOAD build/ip4.o
LOAD build/ip4_addr.o
LOAD build/icmp.o
LOAD build/autoip.o
LOAD build/dhcp.o
LOAD build/etharp.o
LOAD build/ip4_frag.o
LOAD build/igmp.o
LOAD build/dhcp6.o
LOAD build/ip6_frag.o
LOAD build/ip6.o
LOAD build/inet6.o
LOAD build/nd6.o
LOAD build/mld6.o
LOAD build/icmp6.o
LOAD build/ethip6.o
LOAD build/ip6_addr.o
LOAD build/mqtt.o
LOAD build/sysmem.o
LOAD build/syscalls.o
LOAD build/startup_stm32h755xx_CM7.o
LOAD /usr/lib/gcc/arm-none-eabi/14.1.0/../../../../arm-none-eabi/lib/thumb/v7e-m+dp/hard/libc_nano.a
LOAD /usr/lib/gcc/arm-none-eabi/14.1.0/../../../../arm-none-eabi/lib/thumb/v7e-m+dp/hard/libm.a
LOAD /usr/lib/gcc/arm-none-eabi/14.1.0/../../../../arm-none-eabi/lib/thumb/v7e-m+dp/hard/libnosys.a
START GROUP
LOAD /usr/lib/gcc/arm-none-eabi/14.1.0/thumb/v7e-m+dp/hard/libgcc.a
LOAD /usr/lib/gcc/arm-none-eabi/14.1.0/../../../../arm-none-eabi/lib/thumb/v7e-m+dp/hard/libc_nano.a
END GROUP
START GROUP
LOAD /usr/lib/gcc/arm-none-eabi/14.1.0/thumb/v7e-m+dp/hard/libgcc.a
LOAD /usr/lib/gcc/arm-none-eabi/14.1.0/../../../../arm-none-eabi/lib/thumb/v7e-m+dp/hard/libc_nano.a
END GROUP
LOAD /usr/lib/gcc/arm-none-eabi/14.1.0/thumb/v7e-m+dp/hard/crtend.o
LOAD /usr/lib/gcc/arm-none-eabi/14.1.0/thumb/v7e-m+dp/hard/crtn.o
                0x20020000                        _estack = 0x20020000
                0x00000200                        _Min_Heap_Size = 0x200
                0x00000400                        _Min_Stack_Size = 0x400

.isr_vector     0x08000000      0x298
                0x08000000                        . = ALIGN (0x4)
 *(.isr_vector)
 .isr_vector    0x08000000      0x298 build/startup_stm32h755xx_CM7.o
                0x08000000                g_pfnVectors
                0x08000298                        . = ALIGN (0x4)

.text           0x080002a0     0xe270
                0x080002a0                        . = ALIGN (0x4)
 *(.text)
 .text          0x080002a0       0xa0 /usr/lib/gcc/arm-none-eabi/14.1.0/../../../../arm-none-eabi/lib/thumb/v7e-m+dp/hard/libc_nano.a(libc_a-memchr.o)
                0x080002a0                memchr
 .text          0x08000340       0x30 /usr/lib/gcc/arm-none-eabi/14.1.0/thumb/v7e-m+dp/hard/libgcc.a(_aeabi_uldivmod.o)
                0x08000340                __aeabi_uldivmod
 .text          0x08000370        0x4 /usr/lib/gcc/arm-none-eabi/14.1.0/thumb/v7e-m+dp/hard/libgcc.a(_dvmd_tls.o)
                0x08000370                __aeabi_ldiv0
                0x08000370                __aeabi_idiv0
 *(.text*)
 .text.__do_global_dtors_aux
                0x08000374       0x24 /usr/lib/gcc/arm-none-eabi/14.1.0/thumb/v7e-m+dp/hard/crtbegin.o
 .text.frame_dummy
                0x08000398       0x1c /usr/lib/gcc/arm-none-eabi/14.1.0/thumb/v7e-m+dp/hard/crtbegin.o
 .text.ethernet_link_status_updated
                0x080003b4        0x2 build/lwip.o
 *fill*         0x080003b6        0x2 
 .text.Ethernet_Link_Periodic_Handle
                0x080003b8       0x28 build/lwip.o
 .text.MX_LWIP_Init
                0x080003e0       0x64 build/lwip.o
                0x080003e0                MX_LWIP_Init
 .text.MX_LWIP_Process
                0x08000444       0x1c build/lwip.o
                0x08000444                MX_LWIP_Process
 .text.ETH_PHY_IO_DeInit
                0x08000460        0x4 build/ethernetif.o
                0x08000460                ETH_PHY_IO_DeInit
 .text.low_level_input
                0x08000464       0x28 build/ethernetif.o
 .text.low_level_output
                0x0800048c       0x9c build/ethernetif.o
 .text.pbuf_free_custom
                0x08000528       0x24 build/ethernetif.o
                0x08000528                pbuf_free_custom
 .text.ETH_PHY_IO_GetTick
                0x0800054c        0x8 build/ethernetif.o
                0x0800054c                ETH_PHY_IO_GetTick
 .text.ETH_PHY_IO_Init
                0x08000554       0x10 build/ethernetif.o
                0x08000554                ETH_PHY_IO_Init
 .text.ETH_PHY_IO_ReadReg
                0x08000564       0x1c build/ethernetif.o
                0x08000564                ETH_PHY_IO_ReadReg
 .text.ETH_PHY_IO_WriteReg
                0x08000580       0x1c build/ethernetif.o
                0x08000580                ETH_PHY_IO_WriteReg
 .text.ethernetif_input
                0x0800059c       0x28 build/ethernetif.o
                0x0800059c                ethernetif_input
 .text.sys_now  0x080005c4        0x8 build/ethernetif.o
                0x080005c4                sys_now
 .text.HAL_ETH_MspInit
                0x080005cc      0x148 build/ethernetif.o
                0x080005cc                HAL_ETH_MspInit
 .text.ethernet_link_check_state
                0x08000714       0xbc build/ethernetif.o
                0x08000714                ethernet_link_check_state
 .text.low_level_init
                0x080007d0       0xfc build/ethernetif.o
 .text.ethernetif_init
                0x080008cc       0x48 build/ethernetif.o
                0x080008cc                ethernetif_init
 .text.HAL_ETH_RxAllocateCallback
                0x08000914       0x4c build/ethernetif.o
                0x08000914                HAL_ETH_RxAllocateCallback
 .text.HAL_ETH_RxLinkCallback
                0x08000960       0x60 build/ethernetif.o
                0x08000960                HAL_ETH_RxLinkCallback
 .text.MX_GPIO_Init
                0x080009c0       0xfc build/main.o
 .text._write   0x08000abc       0x18 build/main.o
                0x08000abc                _write
 .text.Error_Handler
                0x08000ad4       0x14 build/main.o
                0x08000ad4                Error_Handler
 .text.MX_USART3_UART_Init
                0x08000ae8       0x60 build/main.o
 .text.SystemClock_Config
                0x08000b48       0xc4 build/main.o
                0x08000b48                SystemClock_Config
 .text.main     0x08000c0c       0x28 build/main.o
                0x08000c0c                main
 .text.NMI_Handler
                0x08000c34        0x2 build/stm32h7xx_it.o
                0x08000c34                NMI_Handler
 .text.HardFault_Handler
                0x08000c36        0x2 build/stm32h7xx_it.o
                0x08000c36                HardFault_Handler
 .text.MemManage_Handler
                0x08000c38        0x2 build/stm32h7xx_it.o
                0x08000c38                MemManage_Handler
 .text.BusFault_Handler
                0x08000c3a        0x2 build/stm32h7xx_it.o
                0x08000c3a                BusFault_Handler
 .text.UsageFault_Handler
                0x08000c3c        0x2 build/stm32h7xx_it.o
                0x08000c3c                UsageFault_Handler
 .text.SVC_Handler
                0x08000c3e        0x2 build/stm32h7xx_it.o
                0x08000c3e                SVC_Handler
 .text.DebugMon_Handler
                0x08000c40        0x2 build/stm32h7xx_it.o
                0x08000c40                DebugMon_Handler
 .text.PendSV_Handler
                0x08000c42        0x2 build/stm32h7xx_it.o
                0x08000c42                PendSV_Handler
 .text.SysTick_Handler
                0x08000c44        0x8 build/stm32h7xx_it.o
                0x08000c44                SysTick_Handler
 .text.ETH_IRQHandler
                0x08000c4c       0x10 build/stm32h7xx_it.o
                0x08000c4c                ETH_IRQHandler
 .text.HAL_MspInit
                0x08000c5c       0x24 build/stm32h7xx_hal_msp.o
                0x08000c5c                HAL_MspInit
 .text.HAL_UART_MspInit
                0x08000c80       0x98 build/stm32h7xx_hal_msp.o
                0x08000c80                HAL_UART_MspInit
 .text.LAN8742_RegisterBusIO
                0x08000d18       0x3e build/lan8742.o
                0x08000d18                LAN8742_RegisterBusIO
 .text.LAN8742_Init
                0x08000d56       0x5e build/lan8742.o
                0x08000d56                LAN8742_Init
 .text.LAN8742_GetLinkState
                0x08000db4       0xc2 build/lan8742.o
                0x08000db4                LAN8742_GetLinkState
 .text.ETH_UpdateDescriptor
                0x08000e76       0xa0 build/stm32h7xx_hal_eth.o
 *fill*         0x08000f16        0x2 
 .text.ETH_SetMACConfig
                0x08000f18      0x1b0 build/stm32h7xx_hal_eth.o
 .text.ETH_SetDMAConfig
                0x080010c8       0xac build/stm32h7xx_hal_eth.o
 .text.ETH_MACDMAConfig
                0x08001174       0xdc build/stm32h7xx_hal_eth.o
 .text.ETH_DMATxDescListInit
                0x08001250       0x5a build/stm32h7xx_hal_eth.o
 .text.ETH_DMARxDescListInit
                0x080012aa       0x6c build/stm32h7xx_hal_eth.o
 *fill*         0x08001316        0x2 
 .text.ETH_Prepare_Tx_Descriptors
                0x08001318      0x354 build/stm32h7xx_hal_eth.o
 .text.HAL_ETH_Start_IT
                0x0800166c       0x96 build/stm32h7xx_hal_eth.o
                0x0800166c                HAL_ETH_Start_IT
 *fill*         0x08001702        0x2 
 .text.HAL_ETH_Stop_IT
                0x08001704       0x94 build/stm32h7xx_hal_eth.o
                0x08001704                HAL_ETH_Stop_IT
 .text.HAL_ETH_Transmit
                0x08001798       0xd0 build/stm32h7xx_hal_eth.o
                0x08001798                HAL_ETH_Transmit
 .text.HAL_ETH_ReadData
                0x08001868       0xfc build/stm32h7xx_hal_eth.o
                0x08001868                HAL_ETH_ReadData
 .text.HAL_ETH_TxCpltCallback
                0x08001964        0x2 build/stm32h7xx_hal_eth.o
                0x08001964                HAL_ETH_TxCpltCallback
 .text.HAL_ETH_RxCpltCallback
                0x08001966        0x2 build/stm32h7xx_hal_eth.o
                0x08001966                HAL_ETH_RxCpltCallback
 .text.HAL_ETH_ErrorCallback
                0x08001968        0x2 build/stm32h7xx_hal_eth.o
                0x08001968                HAL_ETH_ErrorCallback
 .text.HAL_ETH_PMTCallback
                0x0800196a        0x2 build/stm32h7xx_hal_eth.o
                0x0800196a                HAL_ETH_PMTCallback
 .text.HAL_ETH_EEECallback
                0x0800196c        0x2 build/stm32h7xx_hal_eth.o
                0x0800196c                HAL_ETH_EEECallback
 .text.HAL_ETH_WakeUpCallback
                0x0800196e        0x2 build/stm32h7xx_hal_eth.o
                0x0800196e                HAL_ETH_WakeUpCallback
 .text.HAL_ETH_IRQHandler
                0x08001970      0x184 build/stm32h7xx_hal_eth.o
                0x08001970                HAL_ETH_IRQHandler
 .text.HAL_ETH_ReadPHYRegister
                0x08001af4       0x60 build/stm32h7xx_hal_eth.o
                0x08001af4                HAL_ETH_ReadPHYRegister
 .text.HAL_ETH_WritePHYRegister
                0x08001b54       0x68 build/stm32h7xx_hal_eth.o
                0x08001b54                HAL_ETH_WritePHYRegister
 .text.HAL_ETH_GetMACConfig
                0x08001bbc      0x1e6 build/stm32h7xx_hal_eth.o
                0x08001bbc                HAL_ETH_GetMACConfig
 .text.HAL_ETH_SetMACConfig
                0x08001da2       0x1c build/stm32h7xx_hal_eth.o
                0x08001da2                HAL_ETH_SetMACConfig
 *fill*         0x08001dbe        0x2 
 .text.HAL_ETH_SetMDIOClockRange
                0x08001dc0       0x68 build/stm32h7xx_hal_eth.o
                0x08001dc0                HAL_ETH_SetMDIOClockRange
 .text.HAL_ETH_Init
                0x08001e28      0x16c build/stm32h7xx_hal_eth.o
                0x08001e28                HAL_ETH_Init
 .text.HAL_RCC_OscConfig
                0x08001f94      0x6b0 build/stm32h7xx_hal_rcc.o
                0x08001f94                HAL_RCC_OscConfig
 .text.HAL_RCC_GetSysClockFreq
                0x08002644      0x1f8 build/stm32h7xx_hal_rcc.o
                0x08002644                HAL_RCC_GetSysClockFreq
 .text.HAL_RCC_ClockConfig
                0x0800283c      0x294 build/stm32h7xx_hal_rcc.o
                0x0800283c                HAL_RCC_ClockConfig
 .text.HAL_RCC_GetHCLKFreq
                0x08002ad0       0x44 build/stm32h7xx_hal_rcc.o
                0x08002ad0                HAL_RCC_GetHCLKFreq
 .text.HAL_RCC_GetPCLK1Freq
                0x08002b14       0x24 build/stm32h7xx_hal_rcc.o
                0x08002b14                HAL_RCC_GetPCLK1Freq
 .text.HAL_RCC_GetPCLK2Freq
                0x08002b38       0x24 build/stm32h7xx_hal_rcc.o
                0x08002b38                HAL_RCC_GetPCLK2Freq
 .text.RCCEx_PLL2_Config
                0x08002b5c      0x108 build/stm32h7xx_hal_rcc_ex.o
 .text.RCCEx_PLL3_Config
                0x08002c64      0x108 build/stm32h7xx_hal_rcc_ex.o
 .text.HAL_RCCEx_PeriphCLKConfig
                0x08002d6c      0xb7c build/stm32h7xx_hal_rcc_ex.o
                0x08002d6c                HAL_RCCEx_PeriphCLKConfig
 .text.HAL_RCCEx_GetD3PCLK1Freq
                0x080038e8       0x24 build/stm32h7xx_hal_rcc_ex.o
                0x080038e8                HAL_RCCEx_GetD3PCLK1Freq
 .text.HAL_RCCEx_GetPLL2ClockFreq
                0x0800390c      0x200 build/stm32h7xx_hal_rcc_ex.o
                0x0800390c                HAL_RCCEx_GetPLL2ClockFreq
 .text.HAL_RCCEx_GetPLL3ClockFreq
                0x08003b0c      0x200 build/stm32h7xx_hal_rcc_ex.o
                0x08003b0c                HAL_RCCEx_GetPLL3ClockFreq
 .text.HAL_GPIO_Init
                0x08003d0c      0x220 build/stm32h7xx_hal_gpio.o
                0x08003d0c                HAL_GPIO_Init
 .text.HAL_GPIO_WritePin
                0x08003f2c        0xc build/stm32h7xx_hal_gpio.o
                0x08003f2c                HAL_GPIO_WritePin
 .text.HAL_GPIO_TogglePin
                0x08003f38       0x12 build/stm32h7xx_hal_gpio.o
                0x08003f38                HAL_GPIO_TogglePin
 *fill*         0x08003f4a        0x2 
 .text.HAL_PWREx_ConfigSupply
                0x08003f4c       0x94 build/stm32h7xx_hal_pwr_ex.o
                0x08003f4c                HAL_PWREx_ConfigSupply
 .text.__NVIC_EnableIRQ
                0x08003fe0       0x1c build/stm32h7xx_hal_cortex.o
 .text.__NVIC_SetPriority
                0x08003ffc       0x24 build/stm32h7xx_hal_cortex.o
 .text.NVIC_EncodePriority
                0x08004020       0x3e build/stm32h7xx_hal_cortex.o
 *fill*         0x0800405e        0x2 
 .text.HAL_NVIC_SetPriorityGrouping
                0x08004060       0x24 build/stm32h7xx_hal_cortex.o
                0x08004060                HAL_NVIC_SetPriorityGrouping
 .text.HAL_NVIC_SetPriority
                0x08004084       0x20 build/stm32h7xx_hal_cortex.o
                0x08004084                HAL_NVIC_SetPriority
 .text.HAL_NVIC_EnableIRQ
                0x080040a4        0x8 build/stm32h7xx_hal_cortex.o
                0x080040a4                HAL_NVIC_EnableIRQ
 .text.HAL_SYSTICK_Config
                0x080040ac       0x28 build/stm32h7xx_hal_cortex.o
                0x080040ac                HAL_SYSTICK_Config
 .text.HAL_GetCurrentCPUID
                0x080040d4       0x18 build/stm32h7xx_hal_cortex.o
                0x080040d4                HAL_GetCurrentCPUID
 .text.HAL_InitTick
                0x080040ec       0x50 build/stm32h7xx_hal.o
                0x080040ec                HAL_InitTick
 .text.HAL_Init
                0x0800413c       0x5c build/stm32h7xx_hal.o
                0x0800413c                HAL_Init
 .text.HAL_IncTick
                0x08004198       0x18 build/stm32h7xx_hal.o
                0x08004198                HAL_IncTick
 .text.HAL_GetTick
                0x080041b0        0xc build/stm32h7xx_hal.o
                0x080041b0                HAL_GetTick
 .text.HAL_GetREVID
                0x080041bc        0xc build/stm32h7xx_hal.o
                0x080041bc                HAL_GetREVID
 .text.HAL_SYSCFG_ETHInterfaceSelect
                0x080041c8       0x14 build/stm32h7xx_hal.o
                0x080041c8                HAL_SYSCFG_ETHInterfaceSelect
 .text.UART_EndRxTransfer
                0x080041dc       0x58 build/stm32h7xx_hal_uart.o
 .text.UART_SetConfig
                0x08004234      0x844 build/stm32h7xx_hal_uart.o
                0x08004234                UART_SetConfig
 .text.UART_AdvFeatureConfig
                0x08004a78       0xca build/stm32h7xx_hal_uart.o
                0x08004a78                UART_AdvFeatureConfig
 .text.UART_WaitOnFlagUntilTimeout
                0x08004b42       0xa6 build/stm32h7xx_hal_uart.o
                0x08004b42                UART_WaitOnFlagUntilTimeout
 .text.HAL_UART_Transmit
                0x08004be8       0xd0 build/stm32h7xx_hal_uart.o
                0x08004be8                HAL_UART_Transmit
 .text.UART_CheckIdleState
                0x08004cb8       0xca build/stm32h7xx_hal_uart.o
                0x08004cb8                UART_CheckIdleState
 .text.HAL_UART_Init
                0x08004d82       0x66 build/stm32h7xx_hal_uart.o
                0x08004d82                HAL_UART_Init
 .text.UARTEx_SetNbDataToProcess
                0x08004de8       0x4c build/stm32h7xx_hal_uart_ex.o
 .text.HAL_UARTEx_DisableFifoMode
                0x08004e34       0x3e build/stm32h7xx_hal_uart_ex.o
                0x08004e34                HAL_UARTEx_DisableFifoMode
 .text.HAL_UARTEx_SetTxFifoThreshold
                0x08004e72       0x4a build/stm32h7xx_hal_uart_ex.o
                0x08004e72                HAL_UARTEx_SetTxFifoThreshold
 .text.HAL_UARTEx_SetRxFifoThreshold
                0x08004ebc       0x4a build/stm32h7xx_hal_uart_ex.o
                0x08004ebc                HAL_UARTEx_SetRxFifoThreshold
 *fill*         0x08004f06        0x2 
 .text.SystemInit
                0x08004f08       0xe0 build/system_stm32h7xx_dualcore_boot_cm4_cm7.o
                0x08004f08                SystemInit
 .text.ethernet_input
                0x08004fe8       0xa8 build/ethernet.o
                0x08004fe8                ethernet_input
 .text.ethernet_output
                0x08005090       0x70 build/ethernet.o
                0x08005090                ethernet_output
 .text.tcp_remove_listener
                0x08005100       0x34 build/tcp.o
 .text.tcp_listen_closed
                0x08005134       0x5c build/tcp.o
 .text.tcp_free_listen
                0x08005190       0x30 build/tcp.o
 .text.tcp_close_shutdown_fin
                0x080051c0       0x80 build/tcp.o
 .text.tcp_handle_closepend
                0x08005240       0x2c build/tcp.o
 .text.tcp_init
                0x0800526c       0x18 build/tcp.o
                0x0800526c                tcp_init
 .text.tcp_free
                0x08005284       0x30 build/tcp.o
                0x08005284                tcp_free
 .text.tcp_update_rcv_ann_wnd
                0x080052b4       0x78 build/tcp.o
                0x080052b4                tcp_update_rcv_ann_wnd
 .text.tcp_recved
                0x0800532c       0x78 build/tcp.o
                0x0800532c                tcp_recved
 .text.tcp_seg_free
                0x080053a4       0x1a build/tcp.o
                0x080053a4                tcp_seg_free
 .text.tcp_segs_free
                0x080053be       0x14 build/tcp.o
                0x080053be                tcp_segs_free
 *fill*         0x080053d2        0x2 
 .text.tcp_seg_copy
                0x080053d4       0x48 build/tcp.o
                0x080053d4                tcp_seg_copy
 .text.tcp_next_iss
                0x0800541c       0x38 build/tcp.o
                0x0800541c                tcp_next_iss
 .text.tcp_eff_send_mss_netif
                0x08005454       0x40 build/tcp.o
                0x08005454                tcp_eff_send_mss_netif
 .text.tcp_free_ooseq
                0x08005494       0x12 build/tcp.o
                0x08005494                tcp_free_ooseq
 *fill*         0x080054a6        0x2 
 .text.tcp_pcb_purge
                0x080054a8       0x64 build/tcp.o
                0x080054a8                tcp_pcb_purge
 .text.tcp_pcb_remove
                0x0800550c       0xd0 build/tcp.o
                0x0800550c                tcp_pcb_remove
 .text.tcp_abandon
                0x080055dc      0x10c build/tcp.o
                0x080055dc                tcp_abandon
 .text.tcp_abort
                0x080056e8        0xa build/tcp.o
                0x080056e8                tcp_abort
 *fill*         0x080056f2        0x2 
 .text.tcp_kill_timewait
                0x080056f4       0x34 build/tcp.o
 .text.tcp_kill_prio
                0x08005728       0x58 build/tcp.o
 .text.tcp_netif_ip_addr_changed_pcblist
                0x08005780       0x40 build/tcp.o
 .text.tcp_netif_ip_addr_changed
                0x080057c0       0x54 build/tcp.o
                0x080057c0                tcp_netif_ip_addr_changed
 .text.tcp_kill_state
                0x08005814       0x64 build/tcp.o
 .text.tcp_alloc
                0x08005878       0xc4 build/tcp.o
                0x08005878                tcp_alloc
 .text.tcp_close_shutdown
                0x0800593c      0x150 build/tcp.o
 .text.tcp_close
                0x08005a8c       0x40 build/tcp.o
                0x08005a8c                tcp_close
 .text.tcp_recv_null
                0x08005acc       0x48 build/tcp.o
                0x08005acc                tcp_recv_null
 .text.tcp_process_refused_data
                0x08005b14       0x8c build/tcp.o
                0x08005b14                tcp_process_refused_data
 .text.tcp_fasttmr
                0x08005ba0       0x80 build/tcp.o
                0x08005ba0                tcp_fasttmr
 .text.tcp_slowtmr
                0x08005c20      0x4a8 build/tcp.o
                0x08005c20                tcp_slowtmr
 .text.tcp_tmr  0x080060c8       0x24 build/tcp.o
                0x080060c8                tcp_tmr
 .text.sys_timeout_abs
                0x080060ec       0x70 build/timeouts.o
 .text.lwip_cyclic_timer
                0x0800615c       0x40 build/timeouts.o
 .text.sys_timeout
                0x0800619c       0x3c build/timeouts.o
                0x0800619c                sys_timeout
 .text.tcp_timer_needed
                0x080061d8       0x3c build/timeouts.o
                0x080061d8                tcp_timer_needed
 .text.tcpip_tcp_timer
                0x08006214       0x38 build/timeouts.o
 .text.sys_timeouts_init
                0x0800624c       0x28 build/timeouts.o
                0x0800624c                sys_timeouts_init
 .text.sys_check_timeouts
                0x08006274       0x50 build/timeouts.o
                0x08006274                sys_check_timeouts
 .text.udp_new_port
                0x080062c4       0x4c build/udp.o
 .text.udp_input_local_match
                0x08006310       0xa0 build/udp.o
 .text.udp_init
                0x080063b0       0x18 build/udp.o
                0x080063b0                udp_init
 .text.udp_input
                0x080063c8      0x188 build/udp.o
                0x080063c8                udp_input
 .text.udp_bind
                0x08006550       0xb4 build/udp.o
                0x08006550                udp_bind
 .text.udp_sendto_if_src
                0x08006604      0x16c build/udp.o
                0x08006604                udp_sendto_if_src
 .text.udp_sendto_if
                0x08006770       0xa8 build/udp.o
                0x08006770                udp_sendto_if
 .text.udp_connect
                0x08006818       0x84 build/udp.o
                0x08006818                udp_connect
 .text.udp_recv
                0x0800689c       0x28 build/udp.o
                0x0800689c                udp_recv
 .text.udp_remove
                0x080068c4       0x54 build/udp.o
                0x080068c4                udp_remove
 .text.udp_new  0x08006918       0x1c build/udp.o
                0x08006918                udp_new
 .text.udp_netif_ip_addr_changed
                0x08006934       0x38 build/udp.o
                0x08006934                udp_netif_ip_addr_changed
 .text.pbuf_pool_is_empty
                0x0800696c        0xc build/pbuf.o
 .text.pbuf_init_alloced_pbuf
                0x08006978       0x24 build/pbuf.o
 .text.pbuf_add_header_impl
                0x0800699c       0x7c build/pbuf.o
 .text.pbuf_free_ooseq
                0x08006a18       0x28 build/pbuf.o
                0x08006a18                pbuf_free_ooseq
 .text.pbuf_alloc_reference
                0x08006a40       0x50 build/pbuf.o
                0x08006a40                pbuf_alloc_reference
 .text.pbuf_alloced_custom
                0x08006a90       0x3e build/pbuf.o
                0x08006a90                pbuf_alloced_custom
 .text.pbuf_add_header
                0x08006ace        0xa build/pbuf.o
                0x08006ace                pbuf_add_header
 .text.pbuf_remove_header
                0x08006ad8       0x6c build/pbuf.o
                0x08006ad8                pbuf_remove_header
 .text.pbuf_header_impl
                0x08006b44       0x14 build/pbuf.o
 .text.pbuf_header_force
                0x08006b58        0xa build/pbuf.o
                0x08006b58                pbuf_header_force
 *fill*         0x08006b62        0x2 
 .text.pbuf_free
                0x08006b64       0xc4 build/pbuf.o
                0x08006b64                pbuf_free
 .text.pbuf_alloc
                0x08006c28      0x158 build/pbuf.o
                0x08006c28                pbuf_alloc
 .text.pbuf_realloc
                0x08006d80       0xa8 build/pbuf.o
                0x08006d80                pbuf_realloc
 .text.pbuf_clen
                0x08006e28       0x12 build/pbuf.o
                0x08006e28                pbuf_clen
 *fill*         0x08006e3a        0x2 
 .text.pbuf_ref
                0x08006e3c       0x30 build/pbuf.o
                0x08006e3c                pbuf_ref
 .text.pbuf_cat
                0x08006e6c       0x78 build/pbuf.o
                0x08006e6c                pbuf_cat
 .text.pbuf_chain
                0x08006ee4       0x10 build/pbuf.o
                0x08006ee4                pbuf_chain
 .text.pbuf_copy
                0x08006ef4      0x128 build/pbuf.o
                0x08006ef4                pbuf_copy
 .text.pbuf_copy_partial
                0x0800701c       0x9c build/pbuf.o
                0x0800701c                pbuf_copy_partial
 .text.pbuf_clone
                0x080070b8       0x38 build/pbuf.o
                0x080070b8                pbuf_clone
 .text.tcp_output_segment_busy
                0x080070f0       0x34 build/tcp_out.o
 .text.tcp_output_fill_options
                0x08007124       0x40 build/tcp_out.o
 .text.tcp_create_segment
                0x08007164       0xe4 build/tcp_out.o
 .text.tcp_output_alloc_header_common
                0x08007248       0x98 build/tcp_out.o
 .text.tcp_output_alloc_header
                0x080072e0       0x54 build/tcp_out.o
 .text.tcp_route
                0x08007334       0x16 build/tcp_out.o
 *fill*         0x0800734a        0x2 
 .text.tcp_output_segment
                0x0800734c      0x140 build/tcp_out.o
 .text.tcp_output_control_segment
                0x0800748c       0x6c build/tcp_out.o
 .text.tcp_split_unsent_seg
                0x080074f8      0x1b8 build/tcp_out.o
                0x080074f8                tcp_split_unsent_seg
 .text.tcp_enqueue_flags
                0x080076b0      0x160 build/tcp_out.o
                0x080076b0                tcp_enqueue_flags
 .text.tcp_send_fin
                0x08007810       0x64 build/tcp_out.o
                0x08007810                tcp_send_fin
 .text.tcp_rexmit_rto_prepare
                0x08007874       0x94 build/tcp_out.o
                0x08007874                tcp_rexmit_rto_prepare
 .text.tcp_rexmit
                0x08007908       0x88 build/tcp_out.o
                0x08007908                tcp_rexmit
 .text.tcp_rexmit_fast
                0x08007990       0x78 build/tcp_out.o
                0x08007990                tcp_rexmit_fast
 .text.tcp_rst  0x08007a08       0x90 build/tcp_out.o
                0x08007a08                tcp_rst
 .text.tcp_send_empty_ack
                0x08007a98       0x74 build/tcp_out.o
                0x08007a98                tcp_send_empty_ack
 .text.tcp_output
                0x08007b0c      0x298 build/tcp_out.o
                0x08007b0c                tcp_output
 .text.tcp_rexmit_rto_commit
                0x08007da4       0x38 build/tcp_out.o
                0x08007da4                tcp_rexmit_rto_commit
 .text.tcp_rexmit_rto
                0x08007ddc       0x34 build/tcp_out.o
                0x08007ddc                tcp_rexmit_rto
 .text.tcp_keepalive
                0x08007e10       0x5c build/tcp_out.o
                0x08007e10                tcp_keepalive
 .text.tcp_zero_window_probe
                0x08007e6c       0xdc build/tcp_out.o
                0x08007e6c                tcp_zero_window_probe
 .text.lwip_htons
                0x08007f48        0xa build/def.o
                0x08007f48                lwip_htons
 .text.lwip_htonl
                0x08007f52       0x18 build/def.o
                0x08007f52                lwip_htonl
 .text.lwip_init
                0x08007f6a       0x1c build/init.o
                0x08007f6a                lwip_init
 *fill*         0x08007f86        0x2 
 .text.tcp_get_next_optbyte
                0x08007f88       0x3c build/tcp_in.o
 .text.tcp_parseopt
                0x08007fc4       0xa0 build/tcp_in.o
 .text.tcp_input_delayed_close
                0x08008064       0x60 build/tcp_in.o
 .text.tcp_timewait_input
                0x080080c4       0xb8 build/tcp_in.o
 .text.tcp_listen_input
                0x0800817c      0x150 build/tcp_in.o
 .text.tcp_free_acked_segments
                0x080082cc       0xc0 build/tcp_in.o
 .text.tcp_oos_insert_segment
                0x0800838c       0xa8 build/tcp_in.o
 .text.tcp_receive
                0x08008434      0x940 build/tcp_in.o
 .text.tcp_process
                0x08008d74      0x598 build/tcp_in.o
 .text.tcp_input
                0x0800930c      0x588 build/tcp_in.o
                0x0800930c                tcp_input
 .text.tcp_trigger_input_pcb_close
                0x08009894       0x10 build/tcp_in.o
                0x08009894                tcp_trigger_input_pcb_close
 .text.lwip_standard_chksum
                0x080098a4       0x5e build/inet_chksum.o
                0x080098a4                lwip_standard_chksum
 .text.inet_chksum
                0x08009902        0xc build/inet_chksum.o
                0x08009902                inet_chksum
 .text.inet_chksum_pbuf
                0x0800990e       0x48 build/inet_chksum.o
                0x0800990e                inet_chksum_pbuf
 .text.netif_do_set_netmask
                0x08009956       0x12 build/netif.o
 .text.netif_do_set_gw
                0x08009968       0x12 build/netif.o
 .text.netif_null_output_ip4
                0x0800997a        0x6 build/netif.o
 .text.netif_do_ip_addr_changed
                0x08009980       0x14 build/netif.o
 .text.netif_issue_reports
                0x08009994       0x4c build/netif.o
 .text.netif_do_set_ipaddr
                0x080099e0       0x6c build/netif.o
 .text.netif_init
                0x08009a4c        0x2 build/netif.o
                0x08009a4c                netif_init
 *fill*         0x08009a4e        0x2 
 .text.netif_set_addr
                0x08009a50       0x6c build/netif.o
                0x08009a50                netif_set_addr
 .text.netif_add
                0x08009abc      0x124 build/netif.o
                0x08009abc                netif_add
 .text.netif_set_default
                0x08009be0        0xc build/netif.o
                0x08009be0                netif_set_default
 .text.netif_set_up
                0x08009bec       0x3c build/netif.o
                0x08009bec                netif_set_up
 .text.netif_set_down
                0x08009c28       0x40 build/netif.o
                0x08009c28                netif_set_down
 .text.netif_set_link_up
                0x08009c68       0x50 build/netif.o
                0x08009c68                netif_set_link_up
 .text.netif_set_link_down
                0x08009cb8       0x3c build/netif.o
                0x08009cb8                netif_set_link_down
 .text.netif_set_link_callback
                0x08009cf4        0x6 build/netif.o
                0x08009cf4                netif_set_link_callback
 *fill*         0x08009cfa        0x2 
 .text.netif_get_by_index
                0x08009cfc       0x24 build/netif.o
                0x08009cfc                netif_get_by_index
 .text.ptr_to_mem
                0x08009d20        0xc build/mem.o
 .text.mem_to_ptr
                0x08009d2c       0x10 build/mem.o
 .text.mem_link_valid
                0x08009d3c       0x5c build/mem.o
 .text.plug_holes
                0x08009d98       0xfc build/mem.o
 .text.mem_init
                0x08009e94       0x40 build/mem.o
                0x08009e94                mem_init
 .text.mem_free
                0x08009ed4       0xb4 build/mem.o
                0x08009ed4                mem_free
 .text.mem_trim
                0x08009f88      0x184 build/mem.o
                0x08009f88                mem_trim
 .text.mem_malloc
                0x0800a10c      0x168 build/mem.o
                0x0800a10c                mem_malloc
 .text.do_memp_malloc_pool
                0x0800a274       0x34 build/memp.o
 .text.do_memp_free_pool
                0x0800a2a8       0x34 build/memp.o
 .text.memp_init_pool
                0x0800a2dc       0x28 build/memp.o
                0x0800a2dc                memp_init_pool
 .text.memp_init
                0x0800a304       0x20 build/memp.o
                0x0800a304                memp_init
 .text.memp_malloc_pool
                0x0800a324       0x2c build/memp.o
                0x0800a324                memp_malloc_pool
 .text.memp_malloc
                0x0800a350       0x34 build/memp.o
                0x0800a350                memp_malloc
 .text.memp_free_pool
                0x0800a384       0x38 build/memp.o
                0x0800a384                memp_free_pool
 .text.memp_free
                0x0800a3bc       0x34 build/memp.o
                0x0800a3bc                memp_free
 .text.ip4_input_accept
                0x0800a3f0       0x34 build/ip4.o
 .text.ip4_route
                0x0800a424       0xac build/ip4.o
                0x0800a424                ip4_route
 .text.ip4_input
                0x0800a4d0      0x1b4 build/ip4.o
                0x0800a4d0                ip4_input
 .text.ip4_output_if_src
                0x0800a684      0x100 build/ip4.o
                0x0800a684                ip4_output_if_src
 .text.ip4_output_if
                0x0800a784       0x2a build/ip4.o
                0x0800a784                ip4_output_if
 .text.ip4_addr_isbroadcast_u32
                0x0800a7ae       0x40 build/ip4_addr.o
                0x0800a7ae                ip4_addr_isbroadcast_u32
 *fill*         0x0800a7ee        0x2 
 .text.icmp_send_response
                0x0800a7f0       0xb8 build/icmp.o
 .text.icmp_input
                0x0800a8a8      0x16c build/icmp.o
                0x0800a8a8                icmp_input
 .text.icmp_dest_unreach
                0x0800aa14        0xc build/icmp.o
                0x0800aa14                icmp_dest_unreach
 .text.icmp_time_exceeded
                0x0800aa20        0xc build/icmp.o
                0x0800aa20                icmp_time_exceeded
 .text.dhcp_set_state
                0x0800aa2c       0x10 build/dhcp.o
 .text.dhcp_option_short
                0x0800aa3c       0x3c build/dhcp.o
 .text.dhcp_option
                0x0800aa78       0x3c build/dhcp.o
 .text.dhcp_option_byte
                0x0800aab4       0x30 build/dhcp.o
 .text.dhcp_option_long
                0x0800aae4       0x50 build/dhcp.o
 .text.dhcp_create_msg
                0x0800ab34      0x13c build/dhcp.o
 .text.dhcp_handle_ack
                0x0800ac70       0x7c build/dhcp.o
 .text.dhcp_option_trailer
                0x0800acec       0x34 build/dhcp.o
 .text.dhcp_rebind
                0x0800ad20       0xec build/dhcp.o
 .text.dhcp_t2_timeout
                0x0800ae0c       0x3e build/dhcp.o
 *fill*         0x0800ae4a        0x2 
 .text.dhcp_reboot
                0x0800ae4c      0x110 build/dhcp.o
 .text.dhcp_select
                0x0800af5c      0x180 build/dhcp.o
 .text.dhcp_handle_offer
                0x0800b0dc       0x34 build/dhcp.o
 .text.dhcp_discover
                0x0800b110       0xf4 build/dhcp.o
 .text.dhcp_decline
                0x0800b204       0x9c build/dhcp.o
 .text.dhcp_check
                0x0800b2a0       0x2a build/dhcp.o
 *fill*         0x0800b2ca        0x2 
 .text.dhcp_bind
                0x0800b2cc      0x12c build/dhcp.o
 .text.dhcp_handle_nak
                0x0800b3f8       0x24 build/dhcp.o
 .text.dhcp_dec_pcb_refcount
                0x0800b41c       0x48 build/dhcp.o
 .text.dhcp_inc_pcb_refcount
                0x0800b464       0x7c build/dhcp.o
 .text.dhcp_parse_reply
                0x0800b4e0      0x474 build/dhcp.o
 .text.dhcp_recv
                0x0800b954       0xec build/dhcp.o
 .text.dhcp_network_changed
                0x0800ba40       0x50 build/dhcp.o
                0x0800ba40                dhcp_network_changed
 .text.dhcp_arp_reply
                0x0800ba90       0x40 build/dhcp.o
                0x0800ba90                dhcp_arp_reply
 .text.dhcp_renew
                0x0800bad0       0xe8 build/dhcp.o
                0x0800bad0                dhcp_renew
 .text.dhcp_t1_timeout
                0x0800bbb8       0x3e build/dhcp.o
 .text.dhcp_supplied_address
                0x0800bbf6       0x2e build/dhcp.o
                0x0800bbf6                dhcp_supplied_address
 .text.dhcp_release_and_stop
                0x0800bc24       0xc4 build/dhcp.o
                0x0800bc24                dhcp_release_and_stop
 .text.dhcp_start
                0x0800bce8       0xc4 build/dhcp.o
                0x0800bce8                dhcp_start
 .text.dhcp_coarse_tmr
                0x0800bdac       0x64 build/dhcp.o
                0x0800bdac                dhcp_coarse_tmr
 .text.dhcp_timeout
                0x0800be10       0x88 build/dhcp.o
 .text.dhcp_fine_tmr
                0x0800be98       0x34 build/dhcp.o
                0x0800be98                dhcp_fine_tmr
 .text.etharp_free_entry
                0x0800becc       0x34 build/etharp.o
 .text.etharp_find_entry
                0x0800bf00      0x1b0 build/etharp.o
 .text.etharp_update_arp_entry
                0x0800c0b0       0xc4 build/etharp.o
 .text.etharp_raw
                0x0800c174       0xe8 build/etharp.o
 .text.etharp_request_dst
                0x0800c25c       0x24 build/etharp.o
 .text.etharp_cleanup_netif
                0x0800c280       0x38 build/etharp.o
                0x0800c280                etharp_cleanup_netif
 .text.etharp_input
                0x0800c2b8       0xc4 build/etharp.o
                0x0800c2b8                etharp_input
 .text.etharp_request
                0x0800c37c       0x10 build/etharp.o
                0x0800c37c                etharp_request
 .text.etharp_tmr
                0x0800c38c       0x88 build/etharp.o
                0x0800c38c                etharp_tmr
 .text.etharp_output_to_arp_index
                0x0800c414       0xd8 build/etharp.o
 .text.etharp_query
                0x0800c4ec      0x198 build/etharp.o
                0x0800c4ec                etharp_query
 .text.etharp_output
                0x0800c684      0x16c build/etharp.o
                0x0800c684                etharp_output
 .text.ip_reass_dequeue_datagram
                0x0800c7f0       0x48 build/ip4_frag.o
 .text.ip_reass_free_complete_datagram
                0x0800c838       0xfc build/ip4_frag.o
 .text.ip_reass_remove_oldest_datagram
                0x0800c934       0x80 build/ip4_frag.o
 .text.ip_frag_free_pbuf_custom_ref
                0x0800c9b4       0x2c build/ip4_frag.o
 .text.ipfrag_free_pbuf_custom
                0x0800c9e0       0x34 build/ip4_frag.o
 .text.ip_reass_chain_frag_into_datagram_and_validate
                0x0800ca14      0x1bc build/ip4_frag.o
 .text.ip_frag_alloc_pbuf_custom_ref
                0x0800cbd0        0xa build/ip4_frag.o
 *fill*         0x0800cbda        0x2 
 .text.ip_reass_enqueue_new_datagram
                0x0800cbdc       0x60 build/ip4_frag.o
 .text.ip_reass_tmr
                0x0800cc3c       0x2c build/ip4_frag.o
                0x0800cc3c                ip_reass_tmr
 .text.ip4_reass
                0x0800cc68      0x210 build/ip4_frag.o
                0x0800cc68                ip4_reass
 .text.ip4_frag
                0x0800ce78      0x200 build/ip4_frag.o
                0x0800ce78                ip4_frag
 .text._sbrk    0x0800d078       0x4c build/sysmem.o
                0x0800d078                _sbrk
 .text._getpid  0x0800d0c4        0x4 build/syscalls.o
                0x0800d0c4                _getpid
 .text._kill    0x0800d0c8       0x10 build/syscalls.o
                0x0800d0c8                _kill
 .text._exit    0x0800d0d8        0xc build/syscalls.o
                0x0800d0d8                _exit
 .text._read    0x0800d0e4       0x20 build/syscalls.o
                0x0800d0e4                _read
 .text._close   0x0800d104        0x6 build/syscalls.o
                0x0800d104                _close
 .text._fstat   0x0800d10a        0xa build/syscalls.o
                0x0800d10a                _fstat
 .text._isatty  0x0800d114        0x4 build/syscalls.o
                0x0800d114                _isatty
 .text._lseek   0x0800d118        0x4 build/syscalls.o
                0x0800d118                _lseek
 .text.Reset_Handler
                0x0800d11c       0x50 build/startup_stm32h755xx_CM7.o
                0x0800d11c                Reset_Handler
 .text.Default_Handler
                0x0800d16c        0x2 build/startup_stm32h755xx_CM7.o
                0x0800d16c                RTC_Alarm_IRQHandler
                0x0800d16c                HASH_RNG_IRQHandler
                0x0800d16c                EXTI2_IRQHandler
                0x0800d16c                TIM8_CC_IRQHandler
                0x0800d16c                HRTIM1_Master_IRQHandler
                0x0800d16c                UART8_IRQHandler
                0x0800d16c                SPI4_IRQHandler
                0x0800d16c                TIM1_CC_IRQHandler
                0x0800d16c                BDMA_Channel6_IRQHandler
                0x0800d16c                DMA2_Stream5_IRQHandler
                0x0800d16c                HRTIM1_FLT_IRQHandler
                0x0800d16c                JPEG_IRQHandler
                0x0800d16c                DMA1_Stream5_IRQHandler
                0x0800d16c                BDMA_Channel1_IRQHandler
                0x0800d16c                HRTIM1_TIMD_IRQHandler
                0x0800d16c                TAMP_STAMP_IRQHandler
                0x0800d16c                EXTI3_IRQHandler
                0x0800d16c                LPTIM4_IRQHandler
                0x0800d16c                TIM8_TRG_COM_TIM14_IRQHandler
                0x0800d16c                LPTIM2_IRQHandler
                0x0800d16c                DFSDM1_FLT1_IRQHandler
                0x0800d16c                DMAMUX2_OVR_IRQHandler
                0x0800d16c                TIM8_UP_TIM13_IRQHandler
                0x0800d16c                I2C3_ER_IRQHandler
                0x0800d16c                DFSDM1_FLT2_IRQHandler
                0x0800d16c                MDMA_IRQHandler
                0x0800d16c                LPTIM3_IRQHandler
                0x0800d16c                HSEM1_IRQHandler
                0x0800d16c                EXTI0_IRQHandler
                0x0800d16c                I2C2_EV_IRQHandler
                0x0800d16c                DMA1_Stream2_IRQHandler
                0x0800d16c                FPU_IRQHandler
                0x0800d16c                OTG_HS_WKUP_IRQHandler
                0x0800d16c                FDCAN1_IT1_IRQHandler
                0x0800d16c                LTDC_ER_IRQHandler
                0x0800d16c                DMA2_Stream2_IRQHandler
                0x0800d16c                HRTIM1_TIME_IRQHandler
                0x0800d16c                SPI1_IRQHandler
                0x0800d16c                TIM6_DAC_IRQHandler
                0x0800d16c                DCMI_IRQHandler
                0x0800d16c                HRTIM1_TIMC_IRQHandler
                0x0800d16c                DMA2_Stream3_IRQHandler
                0x0800d16c                SAI2_IRQHandler
                0x0800d16c                DFSDM1_FLT3_IRQHandler
                0x0800d16c                USART6_IRQHandler
                0x0800d16c                TIM17_IRQHandler
                0x0800d16c                USART3_IRQHandler
                0x0800d16c                BDMA_Channel7_IRQHandler
                0x0800d16c                CRYP_IRQHandler
                0x0800d16c                LPTIM5_IRQHandler
                0x0800d16c                UART5_IRQHandler
                0x0800d16c                ADC3_IRQHandler
                0x0800d16c                DMA2_Stream0_IRQHandler
                0x0800d16c                TIM4_IRQHandler
                0x0800d16c                BDMA_Channel2_IRQHandler
                0x0800d16c                QUADSPI_IRQHandler
                0x0800d16c                I2C1_EV_IRQHandler
                0x0800d16c                DMA1_Stream6_IRQHandler
                0x0800d16c                DMAMUX1_OVR_IRQHandler
                0x0800d16c                DMA1_Stream1_IRQHandler
                0x0800d16c                TIM16_IRQHandler
                0x0800d16c                UART4_IRQHandler
                0x0800d16c                BDMA_Channel5_IRQHandler
                0x0800d16c                TIM3_IRQHandler
                0x0800d16c                RCC_IRQHandler
                0x0800d16c                TIM8_BRK_TIM12_IRQHandler
                0x0800d16c                TIM1_TRG_COM_IRQHandler
                0x0800d16c                Default_Handler
                0x0800d16c                ECC_IRQHandler
                0x0800d16c                CEC_IRQHandler
                0x0800d16c                EXTI15_10_IRQHandler
                0x0800d16c                BDMA_Channel0_IRQHandler
                0x0800d16c                ADC_IRQHandler
                0x0800d16c                DMA1_Stream7_IRQHandler
                0x0800d16c                HRTIM1_TIMA_IRQHandler
                0x0800d16c                SPI5_IRQHandler
                0x0800d16c                TIM7_IRQHandler
                0x0800d16c                SDMMC1_IRQHandler
                0x0800d16c                TIM5_IRQHandler
                0x0800d16c                DMA2_Stream7_IRQHandler
                0x0800d16c                TIM15_IRQHandler
                0x0800d16c                PVD_AVD_IRQHandler
                0x0800d16c                I2C3_EV_IRQHandler
                0x0800d16c                EXTI9_5_IRQHandler
                0x0800d16c                RTC_WKUP_IRQHandler
                0x0800d16c                LTDC_IRQHandler
                0x0800d16c                SAI3_IRQHandler
                0x0800d16c                ETH_WKUP_IRQHandler
                0x0800d16c                SPDIF_RX_IRQHandler
                0x0800d16c                SPI2_IRQHandler
                0x0800d16c                OTG_HS_EP1_IN_IRQHandler
                0x0800d16c                DMA1_Stream0_IRQHandler
                0x0800d16c                CRS_IRQHandler
                0x0800d16c                CM7_SEV_IRQHandler
                0x0800d16c                EXTI4_IRQHandler
                0x0800d16c                CM4_SEV_IRQHandler
                0x0800d16c                HRTIM1_TIMB_IRQHandler
                0x0800d16c                FDCAN2_IT1_IRQHandler
                0x0800d16c                TIM1_UP_IRQHandler
                0x0800d16c                WWDG_RST_IRQHandler
                0x0800d16c                BDMA_Channel4_IRQHandler
                0x0800d16c                OTG_HS_EP1_OUT_IRQHandler
                0x0800d16c                WWDG_IRQHandler
                0x0800d16c                SPI6_IRQHandler
                0x0800d16c                MDIOS_IRQHandler
                0x0800d16c                I2C4_EV_IRQHandler
                0x0800d16c                FDCAN2_IT0_IRQHandler
                0x0800d16c                LPUART1_IRQHandler
                0x0800d16c                FDCAN1_IT0_IRQHandler
                0x0800d16c                TIM2_IRQHandler
                0x0800d16c                OTG_FS_WKUP_IRQHandler
                0x0800d16c                OTG_HS_IRQHandler
                0x0800d16c                HSEM2_IRQHandler
                0x0800d16c                DMA2D_IRQHandler
                0x0800d16c                TIM1_BRK_IRQHandler
                0x0800d16c                EXTI1_IRQHandler
                0x0800d16c                SDMMC2_IRQHandler
                0x0800d16c                OTG_FS_EP1_OUT_IRQHandler
                0x0800d16c                BDMA_Channel3_IRQHandler
                0x0800d16c                HOLD_CORE_IRQHandler
                0x0800d16c                UART7_IRQHandler
                0x0800d16c                MDIOS_WKUP_IRQHandler
                0x0800d16c                USART2_IRQHandler
                0x0800d16c                DFSDM1_FLT0_IRQHandler
                0x0800d16c                SAI4_IRQHandler
                0x0800d16c                I2C2_ER_IRQHandler
                0x0800d16c                DMA2_Stream1_IRQHandler
                0x0800d16c                FLASH_IRQHandler
                0x0800d16c                DMA2_Stream4_IRQHandler
                0x0800d16c                USART1_IRQHandler
                0x0800d16c                OTG_FS_IRQHandler
                0x0800d16c                SPI3_IRQHandler
                0x0800d16c                WAKEUP_PIN_IRQHandler
                0x0800d16c                DMA1_Stream4_IRQHandler
                0x0800d16c                OTG_FS_EP1_IN_IRQHandler
                0x0800d16c                I2C1_ER_IRQHandler
                0x0800d16c                FMC_IRQHandler
                0x0800d16c                FDCAN_CAL_IRQHandler
                0x0800d16c                SWPMI1_IRQHandler
                0x0800d16c                COMP1_IRQHandler
                0x0800d16c                LPTIM1_IRQHandler
                0x0800d16c                I2C4_ER_IRQHandler
                0x0800d16c                DMA2_Stream6_IRQHandler
                0x0800d16c                SAI1_IRQHandler
                0x0800d16c                DMA1_Stream3_IRQHandler
 *fill*         0x0800d16e        0x2 
 .text.rand     0x0800d170       0x7c /usr/lib/gcc/arm-none-eabi/14.1.0/../../../../arm-none-eabi/lib/thumb/v7e-m+dp/hard/libc_nano.a(libc_a-rand.o)
                0x0800d170                rand
 .text.std      0x0800d1ec       0x6c /usr/lib/gcc/arm-none-eabi/14.1.0/../../../../arm-none-eabi/lib/thumb/v7e-m+dp/hard/libc_nano.a(libc_a-findfp.o)
 .text.stdio_exit_handler
                0x0800d258       0x18 /usr/lib/gcc/arm-none-eabi/14.1.0/../../../../arm-none-eabi/lib/thumb/v7e-m+dp/hard/libc_nano.a(libc_a-findfp.o)
 .text.cleanup_stdio
                0x0800d270       0x40 /usr/lib/gcc/arm-none-eabi/14.1.0/../../../../arm-none-eabi/lib/thumb/v7e-m+dp/hard/libc_nano.a(libc_a-findfp.o)
 .text.global_stdio_init.part.0
                0x0800d2b0       0x3c /usr/lib/gcc/arm-none-eabi/14.1.0/../../../../arm-none-eabi/lib/thumb/v7e-m+dp/hard/libc_nano.a(libc_a-findfp.o)
 .text.__sfp_lock_acquire
                0x0800d2ec        0xc /usr/lib/gcc/arm-none-eabi/14.1.0/../../../../arm-none-eabi/lib/thumb/v7e-m+dp/hard/libc_nano.a(libc_a-findfp.o)
                0x0800d2ec                __sfp_lock_acquire
 .text.__sfp_lock_release
                0x0800d2f8        0xc /usr/lib/gcc/arm-none-eabi/14.1.0/../../../../arm-none-eabi/lib/thumb/v7e-m+dp/hard/libc_nano.a(libc_a-findfp.o)
                0x0800d2f8                __sfp_lock_release
 .text.__sinit  0x0800d304       0x30 /usr/lib/gcc/arm-none-eabi/14.1.0/../../../../arm-none-eabi/lib/thumb/v7e-m+dp/hard/libc_nano.a(libc_a-findfp.o)
                0x0800d304                __sinit
 .text._fwalk_sglue
                0x0800d334       0x3c /usr/lib/gcc/arm-none-eabi/14.1.0/../../../../arm-none-eabi/lib/thumb/v7e-m+dp/hard/libc_nano.a(libc_a-fwalk.o)
                0x0800d334                _fwalk_sglue
 .text.printf   0x0800d370       0x24 /usr/lib/gcc/arm-none-eabi/14.1.0/../../../../arm-none-eabi/lib/thumb/v7e-m+dp/hard/libc_nano.a(libc_a-printf.o)
                0x0800d370                printf
                0x0800d370                iprintf
 .text._puts_r  0x0800d394       0xaa /usr/lib/gcc/arm-none-eabi/14.1.0/../../../../arm-none-eabi/lib/thumb/v7e-m+dp/hard/libc_nano.a(libc_a-puts.o)
                0x0800d394                _puts_r
 *fill*         0x0800d43e        0x2 
 .text.puts     0x0800d440       0x10 /usr/lib/gcc/arm-none-eabi/14.1.0/../../../../arm-none-eabi/lib/thumb/v7e-m+dp/hard/libc_nano.a(libc_a-puts.o)
                0x0800d440                puts
 .text.__sread  0x0800d450       0x22 /usr/lib/gcc/arm-none-eabi/14.1.0/../../../../arm-none-eabi/lib/thumb/v7e-m+dp/hard/libc_nano.a(libc_a-stdio.o)
                0x0800d450                __sread
 .text.__swrite
                0x0800d472       0x38 /usr/lib/gcc/arm-none-eabi/14.1.0/../../../../arm-none-eabi/lib/thumb/v7e-m+dp/hard/libc_nano.a(libc_a-stdio.o)
                0x0800d472                __swrite
 .text.__sseek  0x0800d4aa       0x24 /usr/lib/gcc/arm-none-eabi/14.1.0/../../../../arm-none-eabi/lib/thumb/v7e-m+dp/hard/libc_nano.a(libc_a-stdio.o)
                0x0800d4aa                __sseek
 .text.__sclose
                0x0800d4ce        0x8 /usr/lib/gcc/arm-none-eabi/14.1.0/../../../../arm-none-eabi/lib/thumb/v7e-m+dp/hard/libc_nano.a(libc_a-stdio.o)
                0x0800d4ce                __sclose
 .text.__swbuf_r
                0x0800d4d6       0x7c /usr/lib/gcc/arm-none-eabi/14.1.0/../../../../arm-none-eabi/lib/thumb/v7e-m+dp/hard/libc_nano.a(libc_a-wbuf.o)
                0x0800d4d6                __swbuf_r
 *fill*         0x0800d552        0x2 
 .text.__swsetup_r
                0x0800d554       0xac /usr/lib/gcc/arm-none-eabi/14.1.0/../../../../arm-none-eabi/lib/thumb/v7e-m+dp/hard/libc_nano.a(libc_a-wsetup.o)
                0x0800d554                __swsetup_r
 .text.memcmp   0x0800d600       0x20 /usr/lib/gcc/arm-none-eabi/14.1.0/../../../../arm-none-eabi/lib/thumb/v7e-m+dp/hard/libc_nano.a(libc_a-memcmp.o)
                0x0800d600                memcmp
 .text.memset   0x0800d620       0x10 /usr/lib/gcc/arm-none-eabi/14.1.0/../../../../arm-none-eabi/lib/thumb/v7e-m+dp/hard/libc_nano.a(libc_a-memset.o)
                0x0800d620                memset
 .text._close_r
                0x0800d630       0x20 /usr/lib/gcc/arm-none-eabi/14.1.0/../../../../arm-none-eabi/lib/thumb/v7e-m+dp/hard/libc_nano.a(libc_a-closer.o)
                0x0800d630                _close_r
 .text._lseek_r
                0x0800d650       0x24 /usr/lib/gcc/arm-none-eabi/14.1.0/../../../../arm-none-eabi/lib/thumb/v7e-m+dp/hard/libc_nano.a(libc_a-lseekr.o)
                0x0800d650                _lseek_r
 .text._read_r  0x0800d674       0x24 /usr/lib/gcc/arm-none-eabi/14.1.0/../../../../arm-none-eabi/lib/thumb/v7e-m+dp/hard/libc_nano.a(libc_a-readr.o)
                0x0800d674                _read_r
 .text._write_r
                0x0800d698       0x24 /usr/lib/gcc/arm-none-eabi/14.1.0/../../../../arm-none-eabi/lib/thumb/v7e-m+dp/hard/libc_nano.a(libc_a-writer.o)
                0x0800d698                _write_r
 .text.__libc_init_array
                0x0800d6bc       0x48 /usr/lib/gcc/arm-none-eabi/14.1.0/../../../../arm-none-eabi/lib/thumb/v7e-m+dp/hard/libc_nano.a(libc_a-init.o)
                0x0800d6bc                __libc_init_array
 .text.__retarget_lock_init_recursive
                0x0800d704        0x2 /usr/lib/gcc/arm-none-eabi/14.1.0/../../../../arm-none-eabi/lib/thumb/v7e-m+dp/hard/libc_nano.a(libc_a-lock.o)
                0x0800d704                __retarget_lock_init_recursive
 .text.__retarget_lock_acquire_recursive
                0x0800d706        0x2 /usr/lib/gcc/arm-none-eabi/14.1.0/../../../../arm-none-eabi/lib/thumb/v7e-m+dp/hard/libc_nano.a(libc_a-lock.o)
                0x0800d706                __retarget_lock_acquire_recursive
 .text.__retarget_lock_release_recursive
                0x0800d708        0x2 /usr/lib/gcc/arm-none-eabi/14.1.0/../../../../arm-none-eabi/lib/thumb/v7e-m+dp/hard/libc_nano.a(libc_a-lock.o)
                0x0800d708                __retarget_lock_release_recursive
 .text.memcpy   0x0800d70a       0x1c /usr/lib/gcc/arm-none-eabi/14.1.0/../../../../arm-none-eabi/lib/thumb/v7e-m+dp/hard/libc_nano.a(libc_a-memcpy-stub.o)
                0x0800d70a                memcpy
 *fill*         0x0800d726        0x2 
 .text.__assert_func
                0x0800d728       0x3c /usr/lib/gcc/arm-none-eabi/14.1.0/../../../../arm-none-eabi/lib/thumb/v7e-m+dp/hard/libc_nano.a(libc_a-assert.o)
                0x0800d728                __assert_func
 .text._free_r  0x0800d764       0x94 /usr/lib/gcc/arm-none-eabi/14.1.0/../../../../arm-none-eabi/lib/thumb/v7e-m+dp/hard/libc_nano.a(libc_a-freer.o)
                0x0800d764                _free_r
 .text.malloc   0x0800d7f8       0x10 /usr/lib/gcc/arm-none-eabi/14.1.0/../../../../arm-none-eabi/lib/thumb/v7e-m+dp/hard/libc_nano.a(libc_a-malloc.o)
                0x0800d7f8                malloc
 .text.sbrk_aligned
                0x0800d808       0x44 /usr/lib/gcc/arm-none-eabi/14.1.0/../../../../arm-none-eabi/lib/thumb/v7e-m+dp/hard/libc_nano.a(libc_a-mallocr.o)
 .text._malloc_r
                0x0800d84c      0x100 /usr/lib/gcc/arm-none-eabi/14.1.0/../../../../arm-none-eabi/lib/thumb/v7e-m+dp/hard/libc_nano.a(libc_a-mallocr.o)
                0x0800d84c                _malloc_r
 .text.__malloc_lock
                0x0800d94c        0xc /usr/lib/gcc/arm-none-eabi/14.1.0/../../../../arm-none-eabi/lib/thumb/v7e-m+dp/hard/libc_nano.a(libc_a-mlock.o)
                0x0800d94c                __malloc_lock
 .text.__malloc_unlock
                0x0800d958        0xc /usr/lib/gcc/arm-none-eabi/14.1.0/../../../../arm-none-eabi/lib/thumb/v7e-m+dp/hard/libc_nano.a(libc_a-mlock.o)
                0x0800d958                __malloc_unlock
 .text.__sfputc_r
                0x0800d964       0x2e /usr/lib/gcc/arm-none-eabi/14.1.0/../../../../arm-none-eabi/lib/thumb/v7e-m+dp/hard/libc_nano.a(libc_a-nano-vfprintf.o)
 .text.__sfputs_r
                0x0800d992       0x24 /usr/lib/gcc/arm-none-eabi/14.1.0/../../../../arm-none-eabi/lib/thumb/v7e-m+dp/hard/libc_nano.a(libc_a-nano-vfprintf.o)
                0x0800d992                __sfputs_r
 *fill*         0x0800d9b6        0x2 
 .text._vfprintf_r
                0x0800d9b8      0x230 /usr/lib/gcc/arm-none-eabi/14.1.0/../../../../arm-none-eabi/lib/thumb/v7e-m+dp/hard/libc_nano.a(libc_a-nano-vfprintf.o)
                0x0800d9b8                _vfiprintf_r
                0x0800d9b8                _vfprintf_r
 .text._printf_common
                0x0800dbe8       0xda /usr/lib/gcc/arm-none-eabi/14.1.0/../../../../arm-none-eabi/lib/thumb/v7e-m+dp/hard/libc_nano.a(libc_a-nano-vfprintf_i.o)
                0x0800dbe8                _printf_common
 *fill*         0x0800dcc2        0x2 
 .text._printf_i
                0x0800dcc4      0x23c /usr/lib/gcc/arm-none-eabi/14.1.0/../../../../arm-none-eabi/lib/thumb/v7e-m+dp/hard/libc_nano.a(libc_a-nano-vfprintf_i.o)
                0x0800dcc4                _printf_i
 .text.__sflush_r
                0x0800df00      0x108 /usr/lib/gcc/arm-none-eabi/14.1.0/../../../../arm-none-eabi/lib/thumb/v7e-m+dp/hard/libc_nano.a(libc_a-fflush.o)
                0x0800df00                __sflush_r
 .text._fflush_r
                0x0800e008       0x50 /usr/lib/gcc/arm-none-eabi/14.1.0/../../../../arm-none-eabi/lib/thumb/v7e-m+dp/hard/libc_nano.a(libc_a-fflush.o)
                0x0800e008                _fflush_r
 .text.fprintf  0x0800e058       0x24 /usr/lib/gcc/arm-none-eabi/14.1.0/../../../../arm-none-eabi/lib/thumb/v7e-m+dp/hard/libc_nano.a(libc_a-fprintf.o)
                0x0800e058                fprintf
                0x0800e058                fiprintf
 .text.__swhatbuf_r
                0x0800e07c       0x4c /usr/lib/gcc/arm-none-eabi/14.1.0/../../../../arm-none-eabi/lib/thumb/v7e-m+dp/hard/libc_nano.a(libc_a-makebuf.o)
                0x0800e07c                __swhatbuf_r
 .text.__smakebuf_r
                0x0800e0c8       0x78 /usr/lib/gcc/arm-none-eabi/14.1.0/../../../../arm-none-eabi/lib/thumb/v7e-m+dp/hard/libc_nano.a(libc_a-makebuf.o)
                0x0800e0c8                __smakebuf_r
 .text._fstat_r
                0x0800e140       0x24 /usr/lib/gcc/arm-none-eabi/14.1.0/../../../../arm-none-eabi/lib/thumb/v7e-m+dp/hard/libc_nano.a(libc_a-fstatr.o)
                0x0800e140                _fstat_r
 .text._isatty_r
                0x0800e164       0x20 /usr/lib/gcc/arm-none-eabi/14.1.0/../../../../arm-none-eabi/lib/thumb/v7e-m+dp/hard/libc_nano.a(libc_a-isattyr.o)
                0x0800e164                _isatty_r
 .text._sbrk_r  0x0800e184       0x20 /usr/lib/gcc/arm-none-eabi/14.1.0/../../../../arm-none-eabi/lib/thumb/v7e-m+dp/hard/libc_nano.a(libc_a-sbrkr.o)
                0x0800e184                _sbrk_r
 .text.abort    0x0800e1a4        0xe /usr/lib/gcc/arm-none-eabi/14.1.0/../../../../arm-none-eabi/lib/thumb/v7e-m+dp/hard/libc_nano.a(libc_a-abort.o)
                0x0800e1a4                abort
 .text._raise_r
                0x0800e1b2       0x50 /usr/lib/gcc/arm-none-eabi/14.1.0/../../../../arm-none-eabi/lib/thumb/v7e-m+dp/hard/libc_nano.a(libc_a-signal.o)
                0x0800e1b2                _raise_r
 *fill*         0x0800e202        0x2 
 .text.raise    0x0800e204       0x10 /usr/lib/gcc/arm-none-eabi/14.1.0/../../../../arm-none-eabi/lib/thumb/v7e-m+dp/hard/libc_nano.a(libc_a-signal.o)
                0x0800e204                raise
 .text._kill_r  0x0800e214       0x24 /usr/lib/gcc/arm-none-eabi/14.1.0/../../../../arm-none-eabi/lib/thumb/v7e-m+dp/hard/libc_nano.a(libc_a-signalr.o)
                0x0800e214                _kill_r
 .text._getpid_r
                0x0800e238        0x4 /usr/lib/gcc/arm-none-eabi/14.1.0/../../../../arm-none-eabi/lib/thumb/v7e-m+dp/hard/libc_nano.a(libc_a-signalr.o)
                0x0800e238                _getpid_r
 .text.__udivmoddi4
                0x0800e23c      0x2bc /usr/lib/gcc/arm-none-eabi/14.1.0/thumb/v7e-m+dp/hard/libgcc.a(_udivmoddi4.o)
                0x0800e23c                __udivmoddi4
 *(.glue_7)
 .glue_7        0x0800e4f8        0x0 linker stubs
 *(.glue_7t)
 .glue_7t       0x0800e4f8        0x0 linker stubs
 *(.eh_frame)
 .eh_frame      0x0800e4f8        0x0 /usr/lib/gcc/arm-none-eabi/14.1.0/thumb/v7e-m+dp/hard/crtbegin.o
 *(.init)
 .init          0x0800e4f8        0x4 /usr/lib/gcc/arm-none-eabi/14.1.0/thumb/v7e-m+dp/hard/crti.o
                0x0800e4f8                _init
 .init          0x0800e4fc        0x8 /usr/lib/gcc/arm-none-eabi/14.1.0/thumb/v7e-m+dp/hard/crtn.o
 *(.fini)
 .fini          0x0800e504        0x4 /usr/lib/gcc/arm-none-eabi/14.1.0/thumb/v7e-m+dp/hard/crti.o
                0x0800e504                _fini
 .fini          0x0800e508        0x8 /usr/lib/gcc/arm-none-eabi/14.1.0/thumb/v7e-m+dp/hard/crtn.o
                0x0800e510                        . = ALIGN (0x4)
                0x0800e510                        _etext = .

.vfp11_veneer   0x0800e510        0x0
 .vfp11_veneer  0x0800e510        0x0 linker stubs

.v4_bx          0x0800e510        0x0
 .v4_bx         0x0800e510        0x0 linker stubs

.iplt           0x0800e510        0x0
 .iplt          0x0800e510        0x0 /usr/lib/gcc/arm-none-eabi/14.1.0/thumb/v7e-m+dp/hard/crtbegin.o

.rodata         0x0800e510     0x2588
                0x0800e510                        . = ALIGN (0x4)
 *(.rodata)
 *(.rodata*)
 .rodata.ethernetif_init.str1.4
                0x0800e510     0x237f build/ethernetif.o
                                 0x5c (size before relaxing)
 *fill*         0x0801088f        0x1 
 .rodata.memp_RX_POOL
                0x08010890        0xc build/ethernetif.o
                0x08010890                memp_RX_POOL
 .rodata.main.str1.4
                0x0801089c       0x11 build/main.o
 .rodata.UARTPrescTable
                0x0801089c       0x18 build/stm32h7xx_hal_uart.o
                0x0801089c                UARTPrescTable
 .rodata.denominator.0
                0x080108b4        0x8 build/stm32h7xx_hal_uart_ex.o
 .rodata.numerator.1
                0x080108bc        0x8 build/stm32h7xx_hal_uart_ex.o
 .rodata.D1CorePrescTable
                0x080108c4       0x10 build/system_stm32h7xx_dualcore_boot_cm4_cm7.o
                0x080108c4                D1CorePrescTable
 .rodata.ethernet_output.str1.4
                0x080108d4       0x94 build/ethernet.o
 .rodata.ethzero
                0x080108d4        0x6 build/ethernet.o
                0x080108d4                ethzero
 *fill*         0x080108da        0x2 
 .rodata.ethbroadcast
                0x080108dc        0x6 build/ethernet.o
                0x080108dc                ethbroadcast
 .rodata.tcp_remove_listener.str1.4
                0x080108e2       0x84 build/tcp.o
 .rodata.tcp_listen_closed.str1.4
                0x080108e2       0x21 build/tcp.o
 .rodata.tcp_free_listen.str1.4
                0x080108e2       0x19 build/tcp.o
 .rodata.tcp_free.str1.4
                0x080108e2       0x11 build/tcp.o
 .rodata.tcp_update_rcv_ann_wnd.str1.4
                0x080108e2       0x3e build/tcp.o
 .rodata.tcp_recved.str1.4
                0x080108e2       0x3e build/tcp.o
 .rodata.tcp_seg_copy.str1.4
                0x080108e2       0x1a build/tcp.o
 .rodata.tcp_next_iss.str1.4
                0x080108e2       0x1a build/tcp.o
 .rodata.tcp_eff_send_mss_netif.str1.4
                0x080108e2       0x27 build/tcp.o
 .rodata.tcp_pcb_purge.str1.4
                0x080108e2       0x1b build/tcp.o
 .rodata.tcp_pcb_remove.str1.4
                0x080108e2       0x87 build/tcp.o
 .rodata.tcp_abandon.str1.4
                0x080108e2       0x4d build/tcp.o
 .rodata.tcp_netif_ip_addr_changed_pcblist.str1.4
                0x080108e2       0x34 build/tcp.o
 .rodata.tcp_kill_state.str1.4
                0x080108e2        0xe build/tcp.o
 .rodata.tcp_close_shutdown.str1.4
                0x080108e2       0x39 build/tcp.o
 .rodata.tcp_close.str1.4
                0x080108e2       0x17 build/tcp.o
 .rodata.tcp_recv_null.str1.4
                0x080108e2       0x1b build/tcp.o
 .rodata.tcp_process_refused_data.str1.4
                0x080108e2       0x26 build/tcp.o
 .rodata.tcp_slowtmr.str1.4
                0x080108e2      0x1ca build/tcp.o
 *fill*         0x080108e2        0x2 
 .rodata.tcp_pcb_lists
                0x080108e4       0x10 build/tcp.o
                0x080108e4                tcp_pcb_lists
 .rodata.tcp_persist_backoff
                0x080108f4        0x7 build/tcp.o
 *fill*         0x080108fb        0x1 
 .rodata.tcp_backoff
                0x080108fc        0xd build/tcp.o
 .rodata.sys_timeout_abs.str1.4
                0x08010909       0xa0 build/timeouts.o
 .rodata.sys_timeout.str1.4
                0x08010909       0x36 build/timeouts.o
 *fill*         0x08010909        0x3 
 .rodata.lwip_cyclic_timers
                0x0801090c       0x28 build/timeouts.o
                0x0801090c                lwip_cyclic_timers
 .rodata.udp_input_local_match.str1.4
                0x08010934       0xa5 build/udp.o
 .rodata.udp_input.str1.4
                0x08010934       0x4f build/udp.o
 .rodata.udp_bind.str1.4
                0x08010934       0x16 build/udp.o
 .rodata.udp_sendto_if_src.str1.4
                0x08010934       0xda build/udp.o
 .rodata.udp_sendto_if.str1.4
                0x08010934       0x75 build/udp.o
 .rodata.udp_connect.str1.4
                0x08010934       0x38 build/udp.o
 .rodata.udp_recv.str1.4
                0x08010934       0x16 build/udp.o
 .rodata.udp_remove.str1.4
                0x08010934       0x18 build/udp.o
 .rodata.pbuf_add_header_impl.str1.4
                0x08010934       0x68 build/pbuf.o
 .rodata.pbuf_alloc_reference.str1.4
                0x08010934       0x12 build/pbuf.o
 .rodata.pbuf_remove_header.str1.4
                0x08010934       0x1e build/pbuf.o
 .rodata.pbuf_free.str1.4
                0x08010934       0x4e build/pbuf.o
 .rodata.pbuf_alloc.str1.4
                0x08010934       0xab build/pbuf.o
 .rodata.pbuf_realloc.str1.4
                0x08010934       0x4c build/pbuf.o
 .rodata.pbuf_ref.str1.4
                0x08010934       0x12 build/pbuf.o
 .rodata.pbuf_cat.str1.4
                0x08010934       0x78 build/pbuf.o
 .rodata.pbuf_copy.str1.4
                0x08010934       0x9e build/pbuf.o
 .rodata.pbuf_copy_partial.str1.4
                0x08010934       0x43 build/pbuf.o
 .rodata.pbuf_clone.str1.4
                0x08010934       0x11 build/pbuf.o
 .rodata.tcp_write_checks.str1.4
                0x08010934       0xee build/tcp_out.o
 .rodata.tcp_output_segment_busy.str1.4
                0x08010934       0x25 build/tcp_out.o
 .rodata.tcp_output_fill_options.str1.4
                0x08010934       0x3b build/tcp_out.o
 .rodata.tcp_create_segment.str1.4
                0x08010934       0x59 build/tcp_out.o
 .rodata.tcp_output_alloc_header_common.str1.4
                0x08010934       0x2e build/tcp_out.o
 .rodata.tcp_output_alloc_header.str1.4
                0x08010934       0x25 build/tcp_out.o
 .rodata.tcp_output_segment.str1.4
                0x08010934       0x62 build/tcp_out.o
 .rodata.tcp_output_control_segment.str1.4
                0x08010934       0x29 build/tcp_out.o
 .rodata.tcp_split_unsent_seg.str1.4
                0x08010934       0x66 build/tcp_out.o
 .rodata.tcp_enqueue_flags.str1.4
                0x08010934      0x120 build/tcp_out.o
 .rodata.tcp_send_fin.str1.4
                0x08010934       0x1a build/tcp_out.o
 .rodata.tcp_rexmit_rto_prepare.str1.4
                0x08010934       0x24 build/tcp_out.o
 .rodata.tcp_rexmit.str1.4
                0x08010934       0x18 build/tcp_out.o
 .rodata.tcp_rexmit_fast.str1.4
                0x08010934       0x1d build/tcp_out.o
 .rodata.tcp_rst.str1.4
                0x08010934       0x37 build/tcp_out.o
 .rodata.tcp_send_empty_ack.str1.4
                0x08010934       0x20 build/tcp_out.o
 .rodata.tcp_output.str1.4
                0x08010934       0x57 build/tcp_out.o
 .rodata.tcp_rexmit_rto_commit.str1.4
                0x08010934       0x23 build/tcp_out.o
 .rodata.tcp_rexmit_rto.str1.4
                0x08010934       0x1c build/tcp_out.o
 .rodata.tcp_keepalive.str1.4
                0x08010934       0x1b build/tcp_out.o
 .rodata.tcp_zero_window_probe.str1.4
                0x08010934       0x23 build/tcp_out.o
 .rodata.tcp_parseopt.str1.4
                0x08010934       0x7c build/tcp_in.o
 .rodata.tcp_input_delayed_close.str1.4
                0x08010934       0x25 build/tcp_in.o
 .rodata.tcp_timewait_input.str1.4
                0x08010934       0x20 build/tcp_in.o
 .rodata.tcp_listen_input.str1.4
                0x08010934       0x1e build/tcp_in.o
 .rodata.tcp_free_acked_segments.str1.4
                0x08010934       0x48 build/tcp_in.o
 .rodata.tcp_oos_insert_segment.str1.4
                0x08010934       0x25 build/tcp_in.o
 .rodata.tcp_receive.str1.4
                0x08010934      0x131 build/tcp_in.o
 .rodata.tcp_process.str1.4
                0x08010934       0x86 build/tcp_in.o
 .rodata.tcp_input.str1.4
                0x08010934      0x172 build/tcp_in.o
 .rodata.netif_issue_reports.str1.4
                0x08010934       0x80 build/netif.o
 .rodata.netif_do_set_ipaddr.str1.4
                0x08010934       0x10 build/netif.o
 .rodata.netif_add.str1.4
                0x08010934       0x82 build/netif.o
 .rodata.netif_set_up.str1.4
                0x08010934       0x1c build/netif.o
 .rodata.netif_set_down.str1.4
                0x08010934       0x1e build/netif.o
 .rodata.netif_set_link_up.str1.4
                0x08010934       0x21 build/netif.o
 .rodata.netif_set_link_down.str1.4
                0x08010934       0x23 build/netif.o
 .rodata.plug_holes.str1.4
                0x08010934       0xd6 build/mem.o
 .rodata.mem_free.str1.4
                0x08010934       0x9a build/mem.o
 .rodata.mem_trim.str1.4
                0x08010934       0x49 build/mem.o
 .rodata.mem_malloc.str1.4
                0x08010934       0x9f build/mem.o
 .rodata.do_memp_malloc_pool.str1.4
                0x08010934       0x80 build/memp.o
 .rodata.do_memp_free_pool.str1.4
                0x08010934       0x20 build/memp.o
 .rodata.memp_malloc_pool.str1.4
                0x08010934       0x12 build/memp.o
 .rodata.memp_malloc.str1.4
                0x08010934       0x1d build/memp.o
 .rodata.memp_free.str1.4
                0x08010934       0x1b build/memp.o
 .rodata.memp_pools
                0x08010934       0x24 build/memp.o
                0x08010934                memp_pools
 .rodata.memp_PBUF_POOL
                0x08010958        0xc build/memp.o
                0x08010958                memp_PBUF_POOL
 .rodata.memp_PBUF
                0x08010964        0xc build/memp.o
                0x08010964                memp_PBUF
 .rodata.memp_SYS_TIMEOUT
                0x08010970        0xc build/memp.o
                0x08010970                memp_SYS_TIMEOUT
 .rodata.memp_FRAG_PBUF
                0x0801097c        0xc build/memp.o
                0x0801097c                memp_FRAG_PBUF
 .rodata.memp_REASSDATA
                0x08010988        0xc build/memp.o
                0x08010988                memp_REASSDATA
 .rodata.memp_TCP_SEG
                0x08010994        0xc build/memp.o
                0x08010994                memp_TCP_SEG
 .rodata.memp_TCP_PCB_LISTEN
                0x080109a0        0xc build/memp.o
                0x080109a0                memp_TCP_PCB_LISTEN
 .rodata.memp_TCP_PCB
                0x080109ac        0xc build/memp.o
                0x080109ac                memp_TCP_PCB
 .rodata.memp_UDP_PCB
                0x080109b8        0xc build/memp.o
                0x080109b8                memp_UDP_PCB
 .rodata.ip4_output_if_src.str1.4
                0x080109c4       0x99 build/ip4.o
 .rodata.ip_addr_broadcast
                0x080109c4        0x4 build/ip4_addr.o
                0x080109c4                ip_addr_broadcast
 .rodata.ip_addr_any
                0x080109c8        0x4 build/ip4_addr.o
                0x080109c8                ip_addr_any
 .rodata.icmp_send_response.str1.4
                0x080109cc       0x8c build/icmp.o
 .rodata.icmp_input.str1.4
                0x080109cc       0x6a build/icmp.o
 .rodata.dhcp_option_short.str1.4
                0x080109cc       0x9c build/dhcp.o
 .rodata.dhcp_option.str1.4
                0x080109cc       0x42 build/dhcp.o
 .rodata.dhcp_option_byte.str1.4
                0x080109cc       0x35 build/dhcp.o
 .rodata.dhcp_option_long.str1.4
                0x080109cc       0x3a build/dhcp.o
 .rodata.dhcp_create_msg.str1.4
                0x080109cc       0x80 build/dhcp.o
 .rodata.dhcp_select.str1.4
                0x080109cc       0x36 build/dhcp.o
 .rodata.dhcp_bind.str1.4
                0x080109cc       0x34 build/dhcp.o
 .rodata.dhcp_dec_pcb_refcount.str1.4
                0x080109cc       0x24 build/dhcp.o
 .rodata.dhcp_inc_pcb_refcount.str1.4
                0x080109cc       0x25 build/dhcp.o
 .rodata.dhcp_parse_reply.str1.4
                0x080109cc       0x97 build/dhcp.o
 .rodata.dhcp_set_struct.str1.4
                0x080109cc       0x44 build/dhcp.o
 .rodata.dhcp_network_changed.str1.4
                0x080109cc       0x14 build/dhcp.o
 .rodata.dhcp_start.str1.4
                0x080109cc       0x21 build/dhcp.o
 .rodata.dhcp_discover_request_options
                0x080109cc        0x3 build/dhcp.o
 .rodata.etharp_find_entry.str1.4
                0x080109cf       0xb9 build/etharp.o
 .rodata.etharp_update_arp_entry.str1.4
                0x080109cf       0x24 build/etharp.o
 .rodata.etharp_raw.str1.4
                0x080109cf       0x85 build/etharp.o
 .rodata.etharp_get_entry.str1.4
                0x080109cf       0x20 build/etharp.o
 .rodata.etharp_output_to_arp_index.str1.4
                0x080109cf       0x30 build/etharp.o
 .rodata.etharp_query.str1.4
                0x080109cf       0x52 build/etharp.o
 .rodata.etharp_output.str1.4
                0x080109cf        0xa build/etharp.o
 .rodata.ip_reass_dequeue_datagram.str1.4
                0x080109cf       0x80 build/ip4_frag.o
 .rodata.ip_reass_free_complete_datagram.str1.4
                0x080109cf       0x62 build/ip4_frag.o
 .rodata.ip_frag_free_pbuf_custom_ref.str1.4
                0x080109cf        0xa build/ip4_frag.o
 .rodata.ipfrag_free_pbuf_custom.str1.4
                0x080109cf        0xc build/ip4_frag.o
 .rodata.ip_reass_chain_frag_into_datagram_and_validate.str1.4
                0x080109cf       0x8a build/ip4_frag.o
 .rodata.ip4_reass.str1.4
                0x080109cf       0x48 build/ip4_frag.o
 .rodata.ip4_frag.str1.4
                0x080109cf       0x4b build/ip4_frag.o
 .rodata.srand.str1.1
                0x080109cf       0xc8 /usr/lib/gcc/arm-none-eabi/14.1.0/../../../../arm-none-eabi/lib/thumb/v7e-m+dp/hard/libc_nano.a(libc_a-rand.o)
                                 0x59 (size before relaxing)
 .rodata.__assert_func.str1.1
                0x08010a97       0x3d /usr/lib/gcc/arm-none-eabi/14.1.0/../../../../arm-none-eabi/lib/thumb/v7e-m+dp/hard/libc_nano.a(libc_a-assert.o)
 .rodata._vfprintf_r.str1.1
                0x08010a97       0x11 /usr/lib/gcc/arm-none-eabi/14.1.0/../../../../arm-none-eabi/lib/thumb/v7e-m+dp/hard/libc_nano.a(libc_a-nano-vfprintf.o)
 .rodata._printf_i.str1.1
                0x08010a97       0x22 /usr/lib/gcc/arm-none-eabi/14.1.0/../../../../arm-none-eabi/lib/thumb/v7e-m+dp/hard/libc_nano.a(libc_a-nano-vfprintf_i.o)
                0x08010ad4                        . = ALIGN (0x4)
 *fill*         0x08010a97        0x1 

.ARM.extab
 *(.ARM.extab* .gnu.linkonce.armextab.*)

.ARM            0x08010a98        0x8
                0x08010a98                        __exidx_start = .
 *(.ARM.exidx*)
 .ARM.exidx     0x08010a98        0x8 /usr/lib/gcc/arm-none-eabi/14.1.0/../../../../arm-none-eabi/lib/thumb/v7e-m+dp/hard/libc_nano.a(libc_a-memchr.o)
 .ARM.exidx.text.__udivmoddi4
                0x08010aa0        0x0 /usr/lib/gcc/arm-none-eabi/14.1.0/thumb/v7e-m+dp/hard/libgcc.a(_udivmoddi4.o)
                                  0x8 (size before relaxing)
                0x08010aa0                        __exidx_end = .

.preinit_array  0x08010aa0        0x0
                0x08010aa0                        PROVIDE (__preinit_array_start = .)
 *(.preinit_array*)
                0x08010aa0                        PROVIDE (__preinit_array_end = .)

.init_array     0x08010aa0        0x4
                0x08010aa0                        PROVIDE (__init_array_start = .)
 *(SORT_BY_NAME(.init_array.*))
 *(.init_array*)
 .init_array    0x08010aa0        0x4 /usr/lib/gcc/arm-none-eabi/14.1.0/thumb/v7e-m+dp/hard/crtbegin.o
                0x08010aa4                        PROVIDE (__init_array_end = .)

.fini_array     0x08010aa4        0x4
                0x08010aa4                        PROVIDE (__fini_array_start = .)
 *(SORT_BY_NAME(.fini_array.*))
 *(.fini_array*)
 .fini_array    0x08010aa4        0x4 /usr/lib/gcc/arm-none-eabi/14.1.0/thumb/v7e-m+dp/hard/crtbegin.o
                0x08010aa8                        PROVIDE (__fini_array_end = .)
                0x08010aa8                        _sidata = LOADADDR (.data)

.rel.dyn        0x08010aa8        0x0
 .rel.iplt      0x08010aa8        0x0 /usr/lib/gcc/arm-none-eabi/14.1.0/thumb/v7e-m+dp/hard/crtbegin.o

.data           0x20000000       0x88 load address 0x08010aa8
                0x20000000                        . = ALIGN (0x4)
                0x20000000                        _sdata = .
 *(.data)
 *(.data*)
 .data.LAN8742_IOCtx
                0x20000000       0x14 build/ethernetif.o
                0x20000000                LAN8742_IOCtx
 .data.uwTickFreq
                0x20000014        0x1 build/stm32h7xx_hal.o
                0x20000014                uwTickFreq
 *fill*         0x20000015        0x3 
 .data.uwTickPrio
                0x20000018        0x4 build/stm32h7xx_hal.o
                0x20000018                uwTickPrio
 .data.SystemD2Clock
                0x2000001c        0x4 build/system_stm32h7xx_dualcore_boot_cm4_cm7.o
                0x2000001c                SystemD2Clock
 .data.SystemCoreClock
                0x20000020        0x4 build/system_stm32h7xx_dualcore_boot_cm4_cm7.o
                0x20000020                SystemCoreClock
 .data.iss.0    0x20000024        0x4 build/tcp.o
 .data.tcp_port
                0x20000028        0x2 build/tcp.o
 .data.udp_port
                0x2000002a        0x2 build/udp.o
 .data.__sglue  0x2000002c        0xc /usr/lib/gcc/arm-none-eabi/14.1.0/../../../../arm-none-eabi/lib/thumb/v7e-m+dp/hard/libc_nano.a(libc_a-findfp.o)
                0x2000002c                __sglue
 .data._impure_ptr
                0x20000038        0x4 /usr/lib/gcc/arm-none-eabi/14.1.0/../../../../arm-none-eabi/lib/thumb/v7e-m+dp/hard/libc_nano.a(libc_a-impure.o)
                0x20000038                _impure_ptr
 .data._impure_data
                0x2000003c       0x4c /usr/lib/gcc/arm-none-eabi/14.1.0/../../../../arm-none-eabi/lib/thumb/v7e-m+dp/hard/libc_nano.a(libc_a-impure.o)
                0x2000003c                _impure_data
                0x20000088                        . = ALIGN (0x4)
                0x20000088                        _edata = .

.igot.plt       0x20000088        0x0 load address 0x08010b30
 .igot.plt      0x20000088        0x0 /usr/lib/gcc/arm-none-eabi/14.1.0/thumb/v7e-m+dp/hard/crtbegin.o

.TxDecripSection
                0x20000088       0x60 load address 0x08010b30
 .TxDecripSection
                0x20000088       0x60 build/ethernetif.o
                0x20000088                DMATxDscrTab

.RxDecripSection
                0x200000e8       0x60 load address 0x08010b90
 .RxDecripSection
                0x200000e8       0x60 build/ethernetif.o
                0x200000e8                DMARxDscrTab

.Rx_PoolSection
                0x20000148     0x4983 load address 0x08010bf0
 .Rx_PoolSection
                0x20000148     0x4983 build/ethernetif.o
                0x20000148                memp_memory_RX_POOL_base
                0x20004acc                        . = ALIGN (0x4)

.bss            0x20004acc     0x3430 load address 0x08015573
                0x20004acc                        _sbss = .
                0x20004acc                        __bss_start__ = _sbss
 *(.bss)
 *(.bss*)
 .bss.completed.1
                0x20004acc        0x1 /usr/lib/gcc/arm-none-eabi/14.1.0/thumb/v7e-m+dp/hard/crtbegin.o
 *fill*         0x20004acd        0x3 
 .bss.object.0  0x20004ad0       0x18 /usr/lib/gcc/arm-none-eabi/14.1.0/thumb/v7e-m+dp/hard/crtbegin.o
 .bss.gw        0x20004ae8        0x4 build/lwip.o
                0x20004ae8                gw
 .bss.netmask   0x20004aec        0x4 build/lwip.o
                0x20004aec                netmask
 .bss.ipaddr    0x20004af0        0x4 build/lwip.o
                0x20004af0                ipaddr
 .bss.gnetif    0x20004af4       0x38 build/lwip.o
                0x20004af4                gnetif
 .bss.EthernetLinkTimer
                0x20004b2c        0x4 build/lwip.o
                0x20004b2c                EthernetLinkTimer
 .bss.LAN8742   0x20004b30       0x20 build/ethernetif.o
                0x20004b30                LAN8742
 .bss.TxConfig  0x20004b50       0x38 build/ethernetif.o
                0x20004b50                TxConfig
 .bss.heth      0x20004b88       0xb0 build/ethernetif.o
                0x20004b88                heth
 .bss.RxAllocStatus
                0x20004c38        0x1 build/ethernetif.o
 *fill*         0x20004c39        0x3 
 .bss.memp_tab_RX_POOL
                0x20004c3c        0x4 build/ethernetif.o
 .bss.huart3    0x20004c40       0x94 build/main.o
                0x20004c40                huart3
 .bss.uwTick    0x20004cd4        0x4 build/stm32h7xx_hal.o
                0x20004cd4                uwTick
 .bss.tcp_timer_ctr
                0x20004cd8        0x1 build/tcp.o
 .bss.tcp_timer
                0x20004cd9        0x1 build/tcp.o
 .bss.tcp_active_pcbs_changed
                0x20004cda        0x1 build/tcp.o
                0x20004cda                tcp_active_pcbs_changed
 *fill*         0x20004cdb        0x1 
 .bss.tcp_tw_pcbs
                0x20004cdc        0x4 build/tcp.o
                0x20004cdc                tcp_tw_pcbs
 .bss.tcp_active_pcbs
                0x20004ce0        0x4 build/tcp.o
                0x20004ce0                tcp_active_pcbs
 .bss.tcp_listen_pcbs
                0x20004ce4        0x4 build/tcp.o
                0x20004ce4                tcp_listen_pcbs
 .bss.tcp_bound_pcbs
                0x20004ce8        0x4 build/tcp.o
                0x20004ce8                tcp_bound_pcbs
 .bss.tcp_ticks
                0x20004cec        0x4 build/tcp.o
                0x20004cec                tcp_ticks
 .bss.tcpip_tcp_timer_active
                0x20004cf0        0x4 build/timeouts.o
 .bss.current_timeout_due_time
                0x20004cf4        0x4 build/timeouts.o
 .bss.next_timeout
                0x20004cf8        0x4 build/timeouts.o
 .bss.ip_data   0x20004cfc       0x18 build/ip.o
                0x20004cfc                ip_data
 .bss.udp_pcbs  0x20004d14        0x4 build/udp.o
                0x20004d14                udp_pcbs
 .bss.pbuf_free_ooseq_pending
                0x20004d18        0x1 build/pbuf.o
                0x20004d18                pbuf_free_ooseq_pending
 *fill*         0x20004d19        0x3 
 .bss.tcp_input_pcb
                0x20004d1c        0x4 build/tcp_in.o
                0x20004d1c                tcp_input_pcb
 .bss.recv_data
                0x20004d20        0x4 build/tcp_in.o
 .bss.recv_flags
                0x20004d24        0x1 build/tcp_in.o
 .bss.flags     0x20004d25        0x1 build/tcp_in.o
 .bss.tcplen    0x20004d26        0x2 build/tcp_in.o
 .bss.recv_acked
                0x20004d28        0x2 build/tcp_in.o
 *fill*         0x20004d2a        0x2 
 .bss.ackno     0x20004d2c        0x4 build/tcp_in.o
 .bss.seqno     0x20004d30        0x4 build/tcp_in.o
 .bss.tcp_optidx
                0x20004d34        0x2 build/tcp_in.o
 *fill*         0x20004d36        0x2 
 .bss.tcphdr_opt2
                0x20004d38        0x4 build/tcp_in.o
 .bss.tcphdr_opt1len
                0x20004d3c        0x2 build/tcp_in.o
 .bss.tcphdr_optlen
                0x20004d3e        0x2 build/tcp_in.o
 .bss.tcphdr    0x20004d40        0x4 build/tcp_in.o
 .bss.inseg     0x20004d44       0x10 build/tcp_in.o
 .bss.netif_num
                0x20004d54        0x1 build/netif.o
 *fill*         0x20004d55        0x3 
 .bss.netif_default
                0x20004d58        0x4 build/netif.o
                0x20004d58                netif_default
 .bss.netif_list
                0x20004d5c        0x4 build/netif.o
                0x20004d5c                netif_list
 .bss.lfree     0x20004d60        0x4 build/mem.o
 .bss.ram_end   0x20004d64        0x4 build/mem.o
 .bss.ram       0x20004d68        0x4 build/mem.o
 .bss.memp_tab_PBUF_POOL
                0x20004d6c        0x4 build/memp.o
 .bss.memp_memory_PBUF_POOL_base
                0x20004d70     0x2603 build/memp.o
                0x20004d70                memp_memory_PBUF_POOL_base
 *fill*         0x20007373        0x1 
 .bss.memp_tab_PBUF
                0x20007374        0x4 build/memp.o
 .bss.memp_memory_PBUF_base
                0x20007378      0x103 build/memp.o
                0x20007378                memp_memory_PBUF_base
 *fill*         0x2000747b        0x1 
 .bss.memp_tab_SYS_TIMEOUT
                0x2000747c        0x4 build/memp.o
 .bss.memp_memory_SYS_TIMEOUT_base
                0x20007480       0x53 build/memp.o
                0x20007480                memp_memory_SYS_TIMEOUT_base
 *fill*         0x200074d3        0x1 
 .bss.memp_tab_FRAG_PBUF
                0x200074d4        0x4 build/memp.o
 .bss.memp_memory_FRAG_PBUF_base
                0x200074d8      0x16b build/memp.o
                0x200074d8                memp_memory_FRAG_PBUF_base
 *fill*         0x20007643        0x1 
 .bss.memp_tab_REASSDATA
                0x20007644        0x4 build/memp.o
 .bss.memp_memory_REASSDATA_base
                0x20007648       0xa3 build/memp.o
                0x20007648                memp_memory_REASSDATA_base
 *fill*         0x200076eb        0x1 
 .bss.memp_tab_TCP_SEG
                0x200076ec        0x4 build/memp.o
 .bss.memp_memory_TCP_SEG_base
                0x200076f0      0x103 build/memp.o
                0x200076f0                memp_memory_TCP_SEG_base
 *fill*         0x200077f3        0x1 
 .bss.memp_tab_TCP_PCB_LISTEN
                0x200077f4        0x4 build/memp.o
 .bss.memp_memory_TCP_PCB_LISTEN_base
                0x200077f8       0xe3 build/memp.o
                0x200077f8                memp_memory_TCP_PCB_LISTEN_base
 *fill*         0x200078db        0x1 
 .bss.memp_tab_TCP_PCB
                0x200078dc        0x4 build/memp.o
 .bss.memp_memory_TCP_PCB_base
                0x200078e0      0x30f build/memp.o
                0x200078e0                memp_memory_TCP_PCB_base
 *fill*         0x20007bef        0x1 
 .bss.memp_tab_UDP_PCB
                0x20007bf0        0x4 build/memp.o
 .bss.memp_memory_UDP_PCB_base
                0x20007bf4       0x83 build/memp.o
                0x20007bf4                memp_memory_UDP_PCB_base
 *fill*         0x20007c77        0x1 
 .bss.ip_id     0x20007c78        0x2 build/ip4.o
 *fill*         0x20007c7a        0x2 
 .bss.xid.0     0x20007c7c        0x4 build/dhcp.o
 .bss.dhcp_pcb_refcount
                0x20007c80        0x1 build/dhcp.o
 *fill*         0x20007c81        0x3 
 .bss.dhcp_pcb  0x20007c84        0x4 build/dhcp.o
 .bss.dhcp_rx_options_given
                0x20007c88        0x8 build/dhcp.o
                0x20007c88                dhcp_rx_options_given
 .bss.dhcp_rx_options_val
                0x20007c90       0x20 build/dhcp.o
                0x20007c90                dhcp_rx_options_val
 .bss.etharp_cached_entry
                0x20007cb0        0x1 build/etharp.o
 *fill*         0x20007cb1        0x3 
 .bss.arp_table
                0x20007cb4       0xf0 build/etharp.o
 .bss.ip_reass_pbufcount
                0x20007da4        0x2 build/ip4_frag.o
 *fill*         0x20007da6        0x2 
 .bss.reassdatagrams
                0x20007da8        0x4 build/ip4_frag.o
 .bss.__sbrk_heap_end
                0x20007dac        0x4 build/sysmem.o
 .bss.__sf      0x20007db0      0x138 /usr/lib/gcc/arm-none-eabi/14.1.0/../../../../arm-none-eabi/lib/thumb/v7e-m+dp/hard/libc_nano.a(libc_a-findfp.o)
                0x20007db0                __sf
 .bss.__stdio_exit_handler
                0x20007ee8        0x4 /usr/lib/gcc/arm-none-eabi/14.1.0/../../../../arm-none-eabi/lib/thumb/v7e-m+dp/hard/libc_nano.a(libc_a-findfp.o)
                0x20007ee8                __stdio_exit_handler
 .bss.errno     0x20007eec        0x4 /usr/lib/gcc/arm-none-eabi/14.1.0/../../../../arm-none-eabi/lib/thumb/v7e-m+dp/hard/libc_nano.a(libc_a-reent.o)
                0x20007eec                errno
 .bss.__lock___malloc_recursive_mutex
                0x20007ef0        0x1 /usr/lib/gcc/arm-none-eabi/14.1.0/../../../../arm-none-eabi/lib/thumb/v7e-m+dp/hard/libc_nano.a(libc_a-lock.o)
                0x20007ef0                __lock___malloc_recursive_mutex
 .bss.__lock___sfp_recursive_mutex
                0x20007ef1        0x1 /usr/lib/gcc/arm-none-eabi/14.1.0/../../../../arm-none-eabi/lib/thumb/v7e-m+dp/hard/libc_nano.a(libc_a-lock.o)