Archive member included to satisfy reference by file (symbol)

/usr/lib/gcc/arm-none-eabi/14.1.0/../../../../arm-none-eabi/lib/thumb/v7e-m/nofp/libc_nano.a(libc_a-atexit.o)
                              /usr/lib/gcc/arm-none-eabi/14.1.0/../../../../arm-none-eabi/lib/thumb/v7e-m/nofp/crt0.o (atexit)
/usr/lib/gcc/arm-none-eabi/14.1.0/../../../../arm-none-eabi/lib/thumb/v7e-m/nofp/libc_nano.a(libc_a-exit.o)
                              /usr/lib/gcc/arm-none-eabi/14.1.0/../../../../arm-none-eabi/lib/thumb/v7e-m/nofp/crt0.o (exit)
/usr/lib/gcc/arm-none-eabi/14.1.0/../../../../arm-none-eabi/lib/thumb/v7e-m/nofp/libc_nano.a(libc_a-findfp.o)
                              /usr/lib/gcc/arm-none-eabi/14.1.0/../../../../arm-none-eabi/lib/thumb/v7e-m/nofp/libc_nano.a(libc_a-exit.o) (__stdio_exit_handler)
/usr/lib/gcc/arm-none-eabi/14.1.0/../../../../arm-none-eabi/lib/thumb/v7e-m/nofp/libc_nano.a(libc_a-fwalk.o)
                              /usr/lib/gcc/arm-none-eabi/14.1.0/../../../../arm-none-eabi/lib/thumb/v7e-m/nofp/libc_nano.a(libc_a-findfp.o) (_fwalk_sglue)
/usr/lib/gcc/arm-none-eabi/14.1.0/../../../../arm-none-eabi/lib/thumb/v7e-m/nofp/libc_nano.a(libc_a-stdio.o)
                              /usr/lib/gcc/arm-none-eabi/14.1.0/../../../../arm-none-eabi/lib/thumb/v7e-m/nofp/libc_nano.a(libc_a-findfp.o) (__sread)
/usr/lib/gcc/arm-none-eabi/14.1.0/../../../../arm-none-eabi/lib/thumb/v7e-m/nofp/libc_nano.a(libc_a-memset.o)
                              /usr/lib/gcc/arm-none-eabi/14.1.0/../../../../arm-none-eabi/lib/thumb/v7e-m/nofp/crt0.o (memset)
/usr/lib/gcc/arm-none-eabi/14.1.0/../../../../arm-none-eabi/lib/thumb/v7e-m/nofp/libc_nano.a(libc_a-closer.o)
                              /usr/lib/gcc/arm-none-eabi/14.1.0/../../../../arm-none-eabi/lib/thumb/v7e-m/nofp/libc_nano.a(libc_a-stdio.o) (_close_r)
/usr/lib/gcc/arm-none-eabi/14.1.0/../../../../arm-none-eabi/lib/thumb/v7e-m/nofp/libc_nano.a(libc_a-reent.o)
                              /usr/lib/gcc/arm-none-eabi/14.1.0/../../../../arm-none-eabi/lib/thumb/v7e-m/nofp/libc_nano.a(libc_a-closer.o) (errno)
/usr/lib/gcc/arm-none-eabi/14.1.0/../../../../arm-none-eabi/lib/thumb/v7e-m/nofp/libc_nano.a(libc_a-impure.o)
                              /usr/lib/gcc/arm-none-eabi/14.1.0/../../../../arm-none-eabi/lib/thumb/v7e-m/nofp/libc_nano.a(libc_a-reent.o) (_impure_ptr)
/usr/lib/gcc/arm-none-eabi/14.1.0/../../../../arm-none-eabi/lib/thumb/v7e-m/nofp/libc_nano.a(libc_a-lseekr.o)
                              /usr/lib/gcc/arm-none-eabi/14.1.0/../../../../arm-none-eabi/lib/thumb/v7e-m/nofp/libc_nano.a(libc_a-stdio.o) (_lseek_r)
/usr/lib/gcc/arm-none-eabi/14.1.0/../../../../arm-none-eabi/lib/thumb/v7e-m/nofp/libc_nano.a(libc_a-readr.o)
                              /usr/lib/gcc/arm-none-eabi/14.1.0/../../../../arm-none-eabi/lib/thumb/v7e-m/nofp/libc_nano.a(libc_a-stdio.o) (_read_r)
/usr/lib/gcc/arm-none-eabi/14.1.0/../../../../arm-none-eabi/lib/thumb/v7e-m/nofp/libc_nano.a(libc_a-writer.o)
                              /usr/lib/gcc/arm-none-eabi/14.1.0/../../../../arm-none-eabi/lib/thumb/v7e-m/nofp/libc_nano.a(libc_a-stdio.o) (_write_r)
/usr/lib/gcc/arm-none-eabi/14.1.0/../../../../arm-none-eabi/lib/thumb/v7e-m/nofp/libc_nano.a(libc_a-init.o)
                              /usr/lib/gcc/arm-none-eabi/14.1.0/../../../../arm-none-eabi/lib/thumb/v7e-m/nofp/crt0.o (__libc_init_array)
/usr/lib/gcc/arm-none-eabi/14.1.0/../../../../arm-none-eabi/lib/thumb/v7e-m/nofp/libc_nano.a(libc_a-fini.o)
                              /usr/lib/gcc/arm-none-eabi/14.1.0/../../../../arm-none-eabi/lib/thumb/v7e-m/nofp/crt0.o (__libc_fini_array)
/usr/lib/gcc/arm-none-eabi/14.1.0/../../../../arm-none-eabi/lib/thumb/v7e-m/nofp/libc_nano.a(libc_a-lock.o)
                              /usr/lib/gcc/arm-none-eabi/14.1.0/../../../../arm-none-eabi/lib/thumb/v7e-m/nofp/libc_nano.a(libc_a-findfp.o) (__retarget_lock_init_recursive)
/usr/lib/gcc/arm-none-eabi/14.1.0/../../../../arm-none-eabi/lib/thumb/v7e-m/nofp/libc_nano.a(libc_a-__atexit.o)
                              /usr/lib/gcc/arm-none-eabi/14.1.0/../../../../arm-none-eabi/lib/thumb/v7e-m/nofp/libc_nano.a(libc_a-atexit.o) (__register_exitproc)
/usr/lib/gcc/arm-none-eabi/14.1.0/../../../../arm-none-eabi/lib/thumb/v7e-m/nofp/libc_nano.a(libc_a-__call_atexit.o)
                              /usr/lib/gcc/arm-none-eabi/14.1.0/../../../../arm-none-eabi/lib/thumb/v7e-m/nofp/libc_nano.a(libc_a-__atexit.o) (__call_exitprocs)
/usr/lib/gcc/arm-none-eabi/14.1.0/../../../../arm-none-eabi/lib/thumb/v7e-m/nofp/libc_nano.a(libc_a-freer.o)
                              /usr/lib/gcc/arm-none-eabi/14.1.0/../../../../arm-none-eabi/lib/thumb/v7e-m/nofp/libc_nano.a(libc_a-reent.o) (_free_r)
/usr/lib/gcc/arm-none-eabi/14.1.0/../../../../arm-none-eabi/lib/thumb/v7e-m/nofp/libc_nano.a(libc_a-mallocr.o)
                              /usr/lib/gcc/arm-none-eabi/14.1.0/../../../../arm-none-eabi/lib/thumb/v7e-m/nofp/libc_nano.a(libc_a-findfp.o) (_malloc_r)
[...]
Memory Configuration

Name             Origin             Length             Attributes
FLASH            0x08000000         0x00100000         xr
RAM              0x20000000         0x00020000         xrw
ITCMRAM          0x00000000         0x00010000         xrw
*default*        0x00000000         0xffffffff

Linker script and memory map

LOAD /usr/lib/gcc/arm-none-eabi/14.1.0/thumb/v7e-m/nofp/crti.o
LOAD /usr/lib/gcc/arm-none-eabi/14.1.0/thumb/v7e-m/nofp/crtbegin.o
LOAD /usr/lib/gcc/arm-none-eabi/14.1.0/../../../../arm-none-eabi/lib/thumb/v7e-m/nofp/crt0.o
LOAD CMakeFiles/basestation_CM7.elf.dir/Buildfiles/CM7/startup_stm32h755xx_CM7.s.o
LOAD /usr/lib/gcc/arm-none-eabi/14.1.0/../../../../arm-none-eabi/lib/thumb/v7e-m/nofp/libc_nano.a
LOAD /usr/lib/gcc/arm-none-eabi/14.1.0/../../../../arm-none-eabi/lib/thumb/v7e-m/nofp/libm.a
LOAD /usr/lib/gcc/arm-none-eabi/14.1.0/../../../../arm-none-eabi/lib/thumb/v7e-m/nofp/libnosys.a
START GROUP
LOAD /usr/lib/gcc/arm-none-eabi/14.1.0/thumb/v7e-m/nofp/libgcc.a
LOAD /usr/lib/gcc/arm-none-eabi/14.1.0/../../../../arm-none-eabi/lib/thumb/v7e-m/nofp/libg_nano.a
LOAD /usr/lib/gcc/arm-none-eabi/14.1.0/../../../../arm-none-eabi/lib/thumb/v7e-m/nofp/libc_nano.a
END GROUP
START GROUP
LOAD /usr/lib/gcc/arm-none-eabi/14.1.0/thumb/v7e-m/nofp/libgcc.a
LOAD /usr/lib/gcc/arm-none-eabi/14.1.0/../../../../arm-none-eabi/lib/thumb/v7e-m/nofp/libc_nano.a
END GROUP
LOAD /usr/lib/gcc/arm-none-eabi/14.1.0/thumb/v7e-m/nofp/crtend.o
LOAD /usr/lib/gcc/arm-none-eabi/14.1.0/thumb/v7e-m/nofp/crtn.o
                0x20020000                        _estack = 0x20020000
                0x00000200                        _Min_Heap_Size = 0x200
                0x00000400                        _Min_Stack_Size = 0x400

.isr_vector     0x08000000      0x298
                0x08000000                        . = ALIGN (0x4)
 *(.isr_vector)
 .isr_vector    0x08000000      0x298 CMakeFiles/basestation_CM7.elf.dir/Buildfiles/CM7/startup_stm32h755xx_CM7.s.o
                0x08000000                g_pfnVectors
                0x08000298                        . = ALIGN (0x4)

.text           0x08000298       0xf4
                0x08000298                        . = ALIGN (0x4)
 *(.text)
 *(.text*)
 .text.__do_global_dtors_aux
                0x08000298       0x24 /usr/lib/gcc/arm-none-eabi/14.1.0/thumb/v7e-m/nofp/crtbegin.o
 .text.frame_dummy
                0x080002bc       0x1c /usr/lib/gcc/arm-none-eabi/14.1.0/thumb/v7e-m/nofp/crtbegin.o
 .text.Reset_Handler
                0x080002d8       0x50 CMakeFiles/basestation_CM7.elf.dir/Buildfiles/CM7/startup_stm32h755xx_CM7.s.o
                0x080002d8                Reset_Handler
 .text.Default_Handler
                0x08000328        0x2 CMakeFiles/basestation_CM7.elf.dir/Buildfiles/CM7/startup_stm32h755xx_CM7.s.o
                0x08000328                RTC_Alarm_IRQHandler
                0x08000328                HASH_RNG_IRQHandler
                0x08000328                EXTI2_IRQHandler
                0x08000328                TIM8_CC_IRQHandler
                0x08000328                HRTIM1_Master_IRQHandler
                0x08000328                DebugMon_Handler
                0x08000328                UART8_IRQHandler
                0x08000328                SPI4_IRQHandler
                0x08000328                TIM1_CC_IRQHandler
                0x08000328                BDMA_Channel6_IRQHandler
                0x08000328                DMA2_Stream5_IRQHandler
                0x08000328                HardFault_Handler
                0x08000328                HRTIM1_FLT_IRQHandler
                0x08000328                JPEG_IRQHandler
                0x08000328                DMA1_Stream5_IRQHandler
                0x08000328                SysTick_Handler
                0x08000328                BDMA_Channel1_IRQHandler
                0x08000328                HRTIM1_TIMD_IRQHandler
                0x08000328                TAMP_STAMP_IRQHandler
                0x08000328                PendSV_Handler
                0x08000328                NMI_Handler
                0x08000328                EXTI3_IRQHandler
                0x08000328                LPTIM4_IRQHandler
                0x08000328                TIM8_TRG_COM_TIM14_IRQHandler
                0x08000328                LPTIM2_IRQHandler
                0x08000328                DFSDM1_FLT1_IRQHandler
                0x08000328                DMAMUX2_OVR_IRQHandler
                0x08000328                TIM8_UP_TIM13_IRQHandler
                0x08000328                I2C3_ER_IRQHandler
                0x08000328                DFSDM1_FLT2_IRQHandler
                0x08000328                MDMA_IRQHandler
                0x08000328                LPTIM3_IRQHandler
                0x08000328                HSEM1_IRQHandler
                0x08000328                EXTI0_IRQHandler
                0x08000328                I2C2_EV_IRQHandler
                0x08000328                DMA1_Stream2_IRQHandler
                0x08000328                FPU_IRQHandler
                0x08000328                OTG_HS_WKUP_IRQHandler
                0x08000328                FDCAN1_IT1_IRQHandler
                0x08000328                UsageFault_Handler
                0x08000328                LTDC_ER_IRQHandler
                0x08000328                DMA2_Stream2_IRQHandler
                0x08000328                HRTIM1_TIME_IRQHandler
                0x08000328                SPI1_IRQHandler
                0x08000328                TIM6_DAC_IRQHandler
                0x08000328                DCMI_IRQHandler
                0x08000328                HRTIM1_TIMC_IRQHandler
                0x08000328                DMA2_Stream3_IRQHandler
                0x08000328                SAI2_IRQHandler
                0x08000328                DFSDM1_FLT3_IRQHandler
                0x08000328                USART6_IRQHandler
                0x08000328                TIM17_IRQHandler
                0x08000328                USART3_IRQHandler
                0x08000328                BDMA_Channel7_IRQHandler
                0x08000328                CRYP_IRQHandler
                0x08000328                LPTIM5_IRQHandler
                0x08000328                UART5_IRQHandler
                0x08000328                ADC3_IRQHandler
                0x08000328                DMA2_Stream0_IRQHandler
                0x08000328                TIM4_IRQHandler
                0x08000328                BDMA_Channel2_IRQHandler
                0x08000328                QUADSPI_IRQHandler
                0x08000328                I2C1_EV_IRQHandler
                0x08000328                DMA1_Stream6_IRQHandler
                0x08000328                DMAMUX1_OVR_IRQHandler
                0x08000328                DMA1_Stream1_IRQHandler
                0x08000328                TIM16_IRQHandler
                0x08000328                UART4_IRQHandler
                0x08000328                BDMA_Channel5_IRQHandler
                0x08000328                TIM3_IRQHandler
                0x08000328                RCC_IRQHandler
                0x08000328                TIM8_BRK_TIM12_IRQHandler
                0x08000328                TIM1_TRG_COM_IRQHandler
                0x08000328                Default_Handler
                0x08000328                ECC_IRQHandler
                0x08000328                CEC_IRQHandler
                0x08000328                EXTI15_10_IRQHandler
                0x08000328                BDMA_Channel0_IRQHandler
                0x08000328                ADC_IRQHandler
                0x08000328                DMA1_Stream7_IRQHandler
                0x08000328                HRTIM1_TIMA_IRQHandler
                0x08000328                SPI5_IRQHandler
                0x08000328                TIM7_IRQHandler
                0x08000328                SDMMC1_IRQHandler
                0x08000328                TIM5_IRQHandler
                0x08000328                DMA2_Stream7_IRQHandler
                0x08000328                TIM15_IRQHandler
                0x08000328                PVD_AVD_IRQHandler
                0x08000328                I2C3_EV_IRQHandler
                0x08000328                EXTI9_5_IRQHandler
                0x08000328                RTC_WKUP_IRQHandler
                0x08000328                LTDC_IRQHandler
                0x08000328                SAI3_IRQHandler
                0x08000328                ETH_WKUP_IRQHandler
                0x08000328                SPDIF_RX_IRQHandler
                0x08000328                SPI2_IRQHandler
                0x08000328                OTG_HS_EP1_IN_IRQHandler
                0x08000328                MemManage_Handler
                0x08000328                DMA1_Stream0_IRQHandler
                0x08000328                SVC_Handler
                0x08000328                CRS_IRQHandler
                0x08000328                CM7_SEV_IRQHandler
                0x08000328                EXTI4_IRQHandler
                0x08000328                CM4_SEV_IRQHandler
                0x08000328                HRTIM1_TIMB_IRQHandler
                0x08000328                FDCAN2_IT1_IRQHandler
                0x08000328                ETH_IRQHandler
                0x08000328                TIM1_UP_IRQHandler
                0x08000328                WWDG_RST_IRQHandler
                0x08000328                BDMA_Channel4_IRQHandler
                0x08000328                OTG_HS_EP1_OUT_IRQHandler
                0x08000328                WWDG_IRQHandler
                0x08000328                SPI6_IRQHandler
                0x08000328                MDIOS_IRQHandler
                0x08000328                I2C4_EV_IRQHandler
                0x08000328                FDCAN2_IT0_IRQHandler
                0x08000328                LPUART1_IRQHandler
                0x08000328                FDCAN1_IT0_IRQHandler
                0x08000328                TIM2_IRQHandler
                0x08000328                OTG_FS_WKUP_IRQHandler
                0x08000328                OTG_HS_IRQHandler
                0x08000328                HSEM2_IRQHandler
                0x08000328                DMA2D_IRQHandler
                0x08000328                TIM1_BRK_IRQHandler
                0x08000328                EXTI1_IRQHandler
                0x08000328                SDMMC2_IRQHandler
                0x08000328                OTG_FS_EP1_OUT_IRQHandler
                0x08000328                BDMA_Channel3_IRQHandler
                0x08000328                HOLD_CORE_IRQHandler
                0x08000328                UART7_IRQHandler
                0x08000328                MDIOS_WKUP_IRQHandler
                0x08000328                USART2_IRQHandler
                0x08000328                DFSDM1_FLT0_IRQHandler
                0x08000328                SAI4_IRQHandler
                0x08000328                I2C2_ER_IRQHandler
                0x08000328                DMA2_Stream1_IRQHandler
                0x08000328                FLASH_IRQHandler
                0x08000328                DMA2_Stream4_IRQHandler
                0x08000328                BusFault_Handler
                0x08000328                USART1_IRQHandler
                0x08000328                OTG_FS_IRQHandler
                0x08000328                SPI3_IRQHandler
                0x08000328                WAKEUP_PIN_IRQHandler
                0x08000328                DMA1_Stream4_IRQHandler
                0x08000328                OTG_FS_EP1_IN_IRQHandler
                0x08000328                I2C1_ER_IRQHandler
                0x08000328                FMC_IRQHandler
                0x08000328                FDCAN_CAL_IRQHandler
                0x08000328                SWPMI1_IRQHandler
                0x08000328                COMP1_IRQHandler
                0x08000328                LPTIM1_IRQHandler
                0x08000328                I2C4_ER_IRQHandler
                0x08000328                DMA2_Stream6_IRQHandler
                0x08000328                SAI1_IRQHandler
                0x08000328                DMA1_Stream3_IRQHandler
 *fill*         0x0800032a        0x2 
 .text.__libc_init_array
                0x0800032c       0x48 /usr/lib/gcc/arm-none-eabi/14.1.0/../../../../arm-none-eabi/lib/thumb/v7e-m/nofp/libc_nano.a(libc_a-init.o)
                0x0800032c                __libc_init_array
 *(.glue_7)
 .glue_7        0x08000374        0x0 linker stubs
 *(.glue_7t)
 .glue_7t       0x08000374        0x0 linker stubs
 *(.eh_frame)
 .eh_frame      0x08000374        0x0 /usr/lib/gcc/arm-none-eabi/14.1.0/thumb/v7e-m/nofp/crtbegin.o
 *(.init)
 .init          0x08000374        0x4 /usr/lib/gcc/arm-none-eabi/14.1.0/thumb/v7e-m/nofp/crti.o
                0x08000374                _init
 .init          0x08000378        0x8 /usr/lib/gcc/arm-none-eabi/14.1.0/thumb/v7e-m/nofp/crtn.o
 *(.fini)
 .fini          0x08000380        0x4 /usr/lib/gcc/arm-none-eabi/14.1.0/thumb/v7e-m/nofp/crti.o
                0x08000380                _fini
 .fini          0x08000384        0x8 /usr/lib/gcc/arm-none-eabi/14.1.0/thumb/v7e-m/nofp/crtn.o
                0x0800038c                        . = ALIGN (0x4)
                0x0800038c                        _etext = .

.vfp11_veneer   0x0800038c        0x0
 .vfp11_veneer  0x0800038c        0x0 linker stubs

.v4_bx          0x0800038c        0x0
 .v4_bx         0x0800038c        0x0 linker stubs

.iplt           0x0800038c        0x0
 .iplt          0x0800038c        0x0 /usr/lib/gcc/arm-none-eabi/14.1.0/thumb/v7e-m/nofp/crtbegin.o

.rodata         0x0800038c        0x0
                0x0800038c                        . = ALIGN (0x4)
 *(.rodata)
 *(.rodata*)
                0x0800038c                        . = ALIGN (0x4)

.ARM.extab
 *(.ARM.extab* .gnu.linkonce.armextab.*)

.ARM            0x0800038c        0x0
                0x0800038c                        __exidx_start = .
 *(.ARM.exidx*)
                0x0800038c                        __exidx_end = .

.preinit_array  0x0800038c        0x0
                0x0800038c                        PROVIDE (__preinit_array_start = .)
 *(.preinit_array*)
                0x0800038c                        PROVIDE (__preinit_array_end = .)

.init_array     0x0800038c        0x4
                0x0800038c                        PROVIDE (__init_array_start = .)
 *(SORT_BY_NAME(.init_array.*))
 *(.init_array*)
 .init_array    0x0800038c        0x4 /usr/lib/gcc/arm-none-eabi/14.1.0/thumb/v7e-m/nofp/crtbegin.o
                0x08000390                        PROVIDE (__init_array_end = .)

.fini_array     0x08000390        0x4
                0x08000390                        PROVIDE (__fini_array_start = .)
 *(SORT_BY_NAME(.fini_array.*))
 *(.fini_array*)
 .fini_array    0x08000390        0x4 /usr/lib/gcc/arm-none-eabi/14.1.0/thumb/v7e-m/nofp/crtbegin.o
                0x08000394                        PROVIDE (__fini_array_end = .)
                0x08000394                        _sidata = LOADADDR (.data)

.rel.dyn        0x08000394        0x0
 .rel.iplt      0x08000394        0x0 /usr/lib/gcc/arm-none-eabi/14.1.0/thumb/v7e-m/nofp/crtbegin.o

.data           0x20000000        0x0 load address 0x08000394
                0x20000000                        . = ALIGN (0x4)
                0x20000000                        _sdata = .
 *(.data)
 *(.data*)
                0x20000000                        . = ALIGN (0x4)
                0x20000000                        _edata = .

.igot.plt       0x20000000        0x0 load address 0x08000394
 .igot.plt      0x20000000        0x0 /usr/lib/gcc/arm-none-eabi/14.1.0/thumb/v7e-m/nofp/crtbegin.o
                0x20000000                        . = ALIGN (0x4)

.bss            0x20000000       0x1c load address 0x08000394
                0x20000000                        _sbss = .
                0x20000000                        __bss_start__ = _sbss
 *(.bss)
 *(.bss*)
 .bss.completed.1
                0x20000000        0x1 /usr/lib/gcc/arm-none-eabi/14.1.0/thumb/v7e-m/nofp/crtbegin.o
 *fill*         0x20000001        0x3 
 .bss.object.0  0x20000004       0x18 /usr/lib/gcc/arm-none-eabi/14.1.0/thumb/v7e-m/nofp/crtbegin.o
 *(COMMON)
                0x2000001c                        . = ALIGN (0x4)
                0x2000001c                        _ebss = .
                0x2000001c                        __bss_end__ = _ebss

._user_heap_stack
                0x2000001c      0x604 load address 0x08000394
                0x20000020                        . = ALIGN (0x8)
 *fill*         0x2000001c        0x4 
                0x20000020                        PROVIDE (end = .)
                [!provide]                        PROVIDE (_end = .)
                0x20000220                        . = (. + _Min_Heap_Size)
 *fill*         0x20000020      0x200 
                0x20000620                        . = (. + _Min_Stack_Size)
 *fill*         0x20000220      0x400 
                0x20000620                        . = ALIGN (0x8)

/DISCARD/
 libc.a(*)
 libm.a(*)
 libgcc.a(*)

.ARM.attributes
                0x00000000       0x2a
 *(.ARM.attributes)
 .ARM.attributes
                0x00000000       0x1e /usr/lib/gcc/arm-none-eabi/14.1.0/thumb/v7e-m/nofp/crti.o
 .ARM.attributes
                0x0000001e       0x2e /usr/lib/gcc/arm-none-eabi/14.1.0/thumb/v7e-m/nofp/crtbegin.o
 .ARM.attributes
                0x0000004c       0x21 CMakeFiles/basestation_CM7.elf.dir/Buildfiles/CM7/startup_stm32h755xx_CM7.s.o
 .ARM.attributes
                0x0000006d       0x2e /usr/lib/gcc/arm-none-eabi/14.1.0/../../../../arm-none-eabi/lib/thumb/v7e-m/nofp/libc_nano.a(libc_a-init.o)
 .ARM.attributes
                0x0000009b       0x1e /usr/lib/gcc/arm-none-eabi/14.1.0/thumb/v7e-m/nofp/crtn.o
OUTPUT(basestation_CM7.elf elf32-littlearm)
LOAD linker stubs
LOAD /usr/lib/gcc/arm-none-eabi/14.1.0/../../../../arm-none-eabi/lib/thumb/v7e-m/nofp/libc.a
LOAD /usr/lib/gcc/arm-none-eabi/14.1.0/../../../../arm-none-eabi/lib/thumb/v7e-m/nofp/libm.a
LOAD /usr/lib/gcc/arm-none-eabi/14.1.0/thumb/v7e-m/nofp/libgcc.a

.debug_line     0x00000000      0x197
 .debug_line    0x00000000       0x7a CMakeFiles/basestation_CM7.elf.dir/Buildfiles/CM7/startup_stm32h755xx_CM7.s.o
 .debug_line    0x0000007a      0x11d /usr/lib/gcc/arm-none-eabi/14.1.0/../../../../arm-none-eabi/lib/thumb/v7e-m/nofp/libc_nano.a(libc_a-init.o)

.debug_line_str
                0x00000000       0x73
 .debug_line_str
                0x00000000       0x73 CMakeFiles/basestation_CM7.elf.dir/Buildfiles/CM7/startup_stm32h755xx_CM7.s.o

.debug_info     0x00000000      0x13b
 .debug_info    0x00000000       0x30 CMakeFiles/basestation_CM7.elf.dir/Buildfiles/CM7/startup_stm32h755xx_CM7.s.o
 .debug_info    0x00000030      0x10b /usr/lib/gcc/arm-none-eabi/14.1.0/../../../../arm-none-eabi/lib/thumb/v7e-m/nofp/libc_nano.a(libc_a-init.o)

.debug_abbrev   0x00000000       0xed
 .debug_abbrev  0x00000000       0x24 CMakeFiles/basestation_CM7.elf.dir/Buildfiles/CM7/startup_stm32h755xx_CM7.s.o
 .debug_abbrev  0x00000024       0xc9 /usr/lib/gcc/arm-none-eabi/14.1.0/../../../../arm-none-eabi/lib/thumb/v7e-m/nofp/libc_nano.a(libc_a-init.o)

.debug_aranges  0x00000000       0x48
 .debug_aranges
                0x00000000       0x28 CMakeFiles/basestation_CM7.elf.dir/Buildfiles/CM7/startup_stm32h755xx_CM7.s.o
 .debug_aranges
                0x00000028       0x20 /usr/lib/gcc/arm-none-eabi/14.1.0/../../../../arm-none-eabi/lib/thumb/v7e-m/nofp/libc_nano.a(libc_a-init.o)

.debug_str      0x00000000      0x26e
 .debug_str     0x00000000      0x26e CMakeFiles/basestation_CM7.elf.dir/Buildfiles/CM7/startup_stm32h755xx_CM7.s.o
                                 0x8d (size before relaxing)
 .debug_str     0x0000026e      0x21a /usr/lib/gcc/arm-none-eabi/14.1.0/../../../../arm-none-eabi/lib/thumb/v7e-m/nofp/libc_nano.a(libc_a-init.o)

.debug_rnglists
                0x00000000       0x2c
 .debug_rnglists
                0x00000000       0x19 CMakeFiles/basestation_CM7.elf.dir/Buildfiles/CM7/startup_stm32h755xx_CM7.s.o
 .debug_rnglists
                0x00000019       0x13 /usr/lib/gcc/arm-none-eabi/14.1.0/../../../../arm-none-eabi/lib/thumb/v7e-m/nofp/libc_nano.a(libc_a-init.o)

.debug_loclists
                0x00000000       0x44
 .debug_loclists
                0x00000000       0x44 /usr/lib/gcc/arm-none-eabi/14.1.0/../../../../arm-none-eabi/lib/thumb/v7e-m/nofp/libc_nano.a(libc_a-init.o)

.comment        0x00000000       0x1e
 .comment       0x00000000       0x1e /usr/lib/gcc/arm-none-eabi/14.1.0/../../../../arm-none-eabi/lib/thumb/v7e-m/nofp/libc_nano.a(libc_a-init.o)
                                 0x1f (size before relaxing)

.debug_frame    0x00000000       0x2c
 .debug_frame   0x00000000       0x2c /usr/lib/gcc/arm-none-eabi/14.1.0/../../../../arm-none-eabi/lib/thumb/v7e-m/nofp/libc_nano.a(libc_a-init.o)

Cross Reference Table

Symbol                                            File
ADC3_IRQHandler                                   CMakeFiles/basestation_CM7.elf.dir/Buildfiles/CM7/startup_stm32h755xx_CM7.s.o
ADC_IRQHandler                                    CMakeFiles/basestation_CM7.elf.dir/Buildfiles/CM7/startup_stm32h755xx_CM7.s.o
BDMA_Channel0_IRQHandler                          CMakeFiles/basestation_CM7.elf.dir/Buildfiles/CM7/startup_stm32h755xx_CM7.s.o
BDMA_Channel1_IRQHandler                          CMakeFiles/basestation_CM7.elf.dir/Buildfiles/CM7/startup_stm32h755xx_CM7.s.o
BDMA_Channel2_IRQHandler                          CMakeFiles/basestation_CM7.elf.dir/Buildfiles/CM7/startup_stm32h755xx_CM7.s.o
BDMA_Channel3_IRQHandler                          CMakeFiles/basestation_CM7.elf.dir/Buildfiles/CM7/startup_stm32h755xx_CM7.s.o
BDMA_Channel4_IRQHandler                          CMakeFiles/basestation_CM7.elf.dir/Buildfiles/CM7/startup_stm32h755xx_CM7.s.o
BDMA_Channel5_IRQHandler                          CMakeFiles/basestation_CM7.elf.dir/Buildfiles/CM7/startup_stm32h755xx_CM7.s.o
BDMA_Channel6_IRQHandler                          CMakeFiles/basestation_CM7.elf.dir/Buildfiles/CM7/startup_stm32h755xx_CM7.s.o
BDMA_Channel7_IRQHandler                          CMakeFiles/basestation_CM7.elf.dir/Buildfiles/CM7/startup_stm32h755xx_CM7.s.o
BusFault_Handler                                  CMakeFiles/basestation_CM7.elf.dir/Buildfiles/CM7/startup_stm32h755xx_CM7.s.o
CEC_IRQHandler                                    CMakeFiles/basestation_CM7.elf.dir/Buildfiles/CM7/startup_stm32h755xx_CM7.s.o
CM4_SEV_IRQHandler                                CMakeFiles/basestation_CM7.elf.dir/Buildfiles/CM7/startup_stm32h755xx_CM7.s.o
CM7_SEV_IRQHandler                                CMakeFiles/basestation_CM7.elf.dir/Buildfiles/CM7/startup_stm32h755xx_CM7.s.o
COMP1_IRQHandler                                  CMakeFiles/basestation_CM7.elf.dir/Buildfiles/CM7/startup_stm32h755xx_CM7.s.o
CRS_IRQHandler                                    CMakeFiles/basestation_CM7.elf.dir/Buildfiles/CM7/startup_stm32h755xx_CM7.s.o
CRYP_IRQHandler                                   CMakeFiles/basestation_CM7.elf.dir/Buildfiles/CM7/startup_stm32h755xx_CM7.s.o
DCMI_IRQHandler                                   CMakeFiles/basestation_CM7.elf.dir/Buildfiles/CM7/startup_stm32h755xx_CM7.s.o
DFSDM1_FLT0_IRQHandler                            CMakeFiles/basestation_CM7.elf.dir/Buildfiles/CM7/startup_stm32h755xx_CM7.s.o
DFSDM1_FLT1_IRQHandler                            CMakeFiles/basestation_CM7.elf.dir/Buildfiles/CM7/startup_stm32h755xx_CM7.s.o
DFSDM1_FLT2_IRQHandler                            CMakeFiles/basestation_CM7.elf.dir/Buildfiles/CM7/startup_stm32h755xx_CM7.s.o
DFSDM1_FLT3_IRQHandler                            CMakeFiles/basestation_CM7.elf.dir/Buildfiles/CM7/startup_stm32h755xx_CM7.s.o
DMA1_Stream0_IRQHandler                           CMakeFiles/basestation_CM7.elf.dir/Buildfiles/CM7/startup_stm32h755xx_CM7.s.o
DMA1_Stream1_IRQHandler                           CMakeFiles/basestation_CM7.elf.dir/Buildfiles/CM7/startup_stm32h755xx_CM7.s.o
DMA1_Stream2_IRQHandler                           CMakeFiles/basestation_CM7.elf.dir/Buildfiles/CM7/startup_stm32h755xx_CM7.s.o
DMA1_Stream3_IRQHandler                           CMakeFiles/basestation_CM7.elf.dir/Buildfiles/CM7/startup_stm32h755xx_CM7.s.o
DMA1_Stream4_IRQHandler                           CMakeFiles/basestation_CM7.elf.dir/Buildfiles/CM7/startup_stm32h755xx_CM7.s.o
DMA1_Stream5_IRQHandler                           CMakeFiles/basestation_CM7.elf.dir/Buildfiles/CM7/startup_stm32h755xx_CM7.s.o
DMA1_Stream6_IRQHandler                           CMakeFiles/basestation_CM7.elf.dir/Buildfiles/CM7/startup_stm32h755xx_CM7.s.o
DMA1_Stream7_IRQHandler                           CMakeFiles/basestation_CM7.elf.dir/Buildfiles/CM7/startup_stm32h755xx_CM7.s.o
DMA2D_IRQHandler                                  CMakeFiles/basestation_CM7.elf.dir/Buildfiles/CM7/startup_stm32h755xx_CM7.s.o
DMA2_Stream0_IRQHandler                           CMakeFiles/basestation_CM7.elf.dir/Buildfiles/CM7/startup_stm32h755xx_CM7.s.o
DMA2_Stream1_IRQHandler                           CMakeFiles/basestation_CM7.elf.dir/Buildfiles/CM7/startup_stm32h755xx_CM7.s.o
DMA2_Stream2_IRQHandler                           CMakeFiles/basestation_CM7.elf.dir/Buildfiles/CM7/startup_stm32h755xx_CM7.s.o
DMA2_Stream3_IRQHandler                           CMakeFiles/basestation_CM7.elf.dir/Buildfiles/CM7/startup_stm32h755xx_CM7.s.o
DMA2_Stream4_IRQHandler                           CMakeFiles/basestation_CM7.elf.dir/Buildfiles/CM7/startup_stm32h755xx_CM7.s.o
DMA2_Stream5_IRQHandler                           CMakeFiles/basestation_CM7.elf.dir/Buildfiles/CM7/startup_stm32h755xx_CM7.s.o
DMA2_Stream6_IRQHandler                           CMakeFiles/basestation_CM7.elf.dir/Buildfiles/CM7/startup_stm32h755xx_CM7.s.o
DMA2_Stream7_IRQHandler                           CMakeFiles/basestation_CM7.elf.dir/Buildfiles/CM7/startup_stm32h755xx_CM7.s.o
DMAMUX1_OVR_IRQHandler                            CMakeFiles/basestation_CM7.elf.dir/Buildfiles/CM7/startup_stm32h755xx_CM7.s.o
DMAMUX2_OVR_IRQHandler                            CMakeFiles/basestation_CM7.elf.dir/Buildfiles/CM7/startup_stm32h755xx_CM7.s.o
DebugMon_Handler                                  CMakeFiles/basestation_CM7.elf.dir/Buildfiles/CM7/startup_stm32h755xx_CM7.s.o
Default_Handler                                   CMakeFiles/basestation_CM7.elf.dir/Buildfiles/CM7/startup_stm32h755xx_CM7.s.o
ECC_IRQHandler                                    CMakeFiles/basestation_CM7.elf.dir/Buildfiles/CM7/startup_stm32h755xx_CM7.s.o
ETH_IRQHandler                                    CMakeFiles/basestation_CM7.elf.dir/Buildfiles/CM7/startup_stm32h755xx_CM7.s.o
ETH_WKUP_IRQHandler                               CMakeFiles/basestation_CM7.elf.dir/Buildfiles/CM7/startup_stm32h755xx_CM7.s.o
EXTI0_IRQHandler                                  CMakeFiles/basestation_CM7.elf.dir/Buildfiles/CM7/startup_stm32h755xx_CM7.s.o
EXTI15_10_IRQHandler                              CMakeFiles/basestation_CM7.elf.dir/Buildfiles/CM7/startup_stm32h755xx_CM7.s.o
EXTI1_IRQHandler                                  CMakeFiles/basestation_CM7.elf.dir/Buildfiles/CM7/startup_stm32h755xx_CM7.s.o
EXTI2_IRQHandler                                  CMakeFiles/basestation_CM7.elf.dir/Buildfiles/CM7/startup_stm32h755xx_CM7.s.o
EXTI3_IRQHandler                                  CMakeFiles/basestation_CM7.elf.dir/Buildfiles/CM7/startup_stm32h755xx_CM7.s.o
EXTI4_IRQHandler                                  CMakeFiles/basestation_CM7.elf.dir/Buildfiles/CM7/startup_stm32h755xx_CM7.s.o
EXTI9_5_IRQHandler                                CMakeFiles/basestation_CM7.elf.dir/Buildfiles/CM7/startup_stm32h755xx_CM7.s.o
FDCAN1_IT0_IRQHandler                             CMakeFiles/basestation_CM7.elf.dir/Buildfiles/CM7/startup_stm32h755xx_CM7.s.o
FDCAN1_IT1_IRQHandler                             CMakeFiles/basestation_CM7.elf.dir/Buildfiles/CM7/startup_stm32h755xx_CM7.s.o
FDCAN2_IT0_IRQHandler                             CMakeFiles/basestation_CM7.elf.dir/Buildfiles/CM7/startup_stm32h755xx_CM7.s.o
FDCAN2_IT1_IRQHandler                             CMakeFiles/basestation_CM7.elf.dir/Buildfiles/CM7/startup_stm32h755xx_CM7.s.o
FDCAN_CAL_IRQHandler                              CMakeFiles/basestation_CM7.elf.dir/Buildfiles/CM7/startup_stm32h755xx_CM7.s.o
FLASH_IRQHandler                                  CMakeFiles/basestation_CM7.elf.dir/Buildfiles/CM7/startup_stm32h755xx_CM7.s.o
FMC_IRQHandler                                    CMakeFiles/basestation_CM7.elf.dir/Buildfiles/CM7/startup_stm32h755xx_CM7.s.o
FPU_IRQHandler                                    CMakeFiles/basestation_CM7.elf.dir/Buildfiles/CM7/startup_stm32h755xx_CM7.s.o
HASH_RNG_IRQHandler                               CMakeFiles/basestation_CM7.elf.dir/Buildfiles/CM7/startup_stm32h755xx_CM7.s.o
HOLD_CORE_IRQHandler                              CMakeFiles/basestation_CM7.elf.dir/Buildfiles/CM7/startup_stm32h755xx_CM7.s.o
HRTIM1_FLT_IRQHandler                             CMakeFiles/basestation_CM7.elf.dir/Buildfiles/CM7/startup_stm32h755xx_CM7.s.o
HRTIM1_Master_IRQHandler                          CMakeFiles/basestation_CM7.elf.dir/Buildfiles/CM7/startup_stm32h755xx_CM7.s.o
HRTIM1_TIMA_IRQHandler                            CMakeFiles/basestation_CM7.elf.dir/Buildfiles/CM7/startup_stm32h755xx_CM7.s.o
HRTIM1_TIMB_IRQHandler                            CMakeFiles/basestation_CM7.elf.dir/Buildfiles/CM7/startup_stm32h755xx_CM7.s.o
HRTIM1_TIMC_IRQHandler                            CMakeFiles/basestation_CM7.elf.dir/Buildfiles/CM7/startup_stm32h755xx_CM7.s.o
HRTIM1_TIMD_IRQHandler                            CMakeFiles/basestation_CM7.elf.dir/Buildfiles/CM7/startup_stm32h755xx_CM7.s.o
HRTIM1_TIME_IRQHandler                            CMakeFiles/basestation_CM7.elf.dir/Buildfiles/CM7/startup_stm32h755xx_CM7.s.o
HSEM1_IRQHandler                                  CMakeFiles/basestation_CM7.elf.dir/Buildfiles/CM7/startup_stm32h755xx_CM7.s.o
HSEM2_IRQHandler                                  CMakeFiles/basestation_CM7.elf.dir/Buildfiles/CM7/startup_stm32h755xx_CM7.s.o
HardFault_Handler                                 CMakeFiles/basestation_CM7.elf.dir/Buildfiles/CM7/startup_stm32h755xx_CM7.s.o
I2C1_ER_IRQHandler                                CMakeFiles/basestation_CM7.elf.dir/Buildfiles/CM7/startup_stm32h755xx_CM7.s.o
I2C1_EV_IRQHandler                                CMakeFiles/basestation_CM7.elf.dir/Buildfiles/CM7/startup_stm32h755xx_CM7.s.o
I2C2_ER_IRQHandler                                CMakeFiles/basestation_CM7.elf.dir/Buildfiles/CM7/startup_stm32h755xx_CM7.s.o
I2C2_EV_IRQHandler                                CMakeFiles/basestation_CM7.elf.dir/Buildfiles/CM7/startup_stm32h755xx_CM7.s.o
I2C3_ER_IRQHandler                                CMakeFiles/basestation_CM7.elf.dir/Buildfiles/CM7/startup_stm32h755xx_CM7.s.o
I2C3_EV_IRQHandler                                CMakeFiles/basestation_CM7.elf.dir/Buildfiles/CM7/startup_stm32h755xx_CM7.s.o
I2C4_ER_IRQHandler                                CMakeFiles/basestation_CM7.elf.dir/Buildfiles/CM7/startup_stm32h755xx_CM7.s.o
I2C4_EV_IRQHandler                                CMakeFiles/basestation_CM7.elf.dir/Buildfiles/CM7/startup_stm32h755xx_CM7.s.o
JPEG_IRQHandler                                   CMakeFiles/basestation_CM7.elf.dir/Buildfiles/CM7/startup_stm32h755xx_CM7.s.o
LPTIM1_IRQHandler                                 CMakeFiles/basestation_CM7.elf.dir/Buildfiles/CM7/startup_stm32h755xx_CM7.s.o
LPTIM2_IRQHandler                                 CMakeFiles/basestation_CM7.elf.dir/Buildfiles/CM7/startup_stm32h755xx_CM7.s.o
LPTIM3_IRQHandler                                 CMakeFiles/basestation_CM7.elf.dir/Buildfiles/CM7/startup_stm32h755xx_CM7.s.o
LPTIM4_IRQHandler                                 CMakeFiles/basestation_CM7.elf.dir/Buildfiles/CM7/startup_stm32h755xx_CM7.s.o
LPTIM5_IRQHandler                                 CMakeFiles/basestation_CM7.elf.dir/Buildfiles/CM7/startup_stm32h755xx_CM7.s.o
LPUART1_IRQHandler                                CMakeFiles/basestation_CM7.elf.dir/Buildfiles/CM7/startup_stm32h755xx_CM7.s.o
LTDC_ER_IRQHandler                                CMakeFiles/basestation_CM7.elf.dir/Buildfiles/CM7/startup_stm32h755xx_CM7.s.o
LTDC_IRQHandler                                   CMakeFiles/basestation_CM7.elf.dir/Buildfiles/CM7/startup_stm32h755xx_CM7.s.o
MDIOS_IRQHandler                                  CMakeFiles/basestation_CM7.elf.dir/Buildfiles/CM7/startup_stm32h755xx_CM7.s.o
MDIOS_WKUP_IRQHandler                             CMakeFiles/basestation_CM7.elf.dir/Buildfiles/CM7/startup_stm32h755xx_CM7.s.o
MDMA_IRQHandler                                   CMakeFiles/basestation_CM7.elf.dir/Buildfiles/CM7/startup_stm32h755xx_CM7.s.o
MemManage_Handler                                 CMakeFiles/basestation_CM7.elf.dir/Buildfiles/CM7/startup_stm32h755xx_CM7.s.o
NMI_Handler                                       CMakeFiles/basestation_CM7.elf.dir/Buildfiles/CM7/startup_stm32h755xx_CM7.s.o
OTG_FS_EP1_IN_IRQHandler                          CMakeFiles/basestation_CM7.elf.dir/Buildfiles/CM7/startup_stm32h755xx_CM7.s.o
OTG_FS_EP1_OUT_IRQHandler                         CMakeFiles/basestation_CM7.elf.dir/Buildfiles/CM7/startup_stm32h755xx_CM7.s.o
OTG_FS_IRQHandler                                 CMakeFiles/basestation_CM7.elf.dir/Buildfiles/CM7/startup_stm32h755xx_CM7.s.o
OTG_FS_WKUP_IRQHandler                            CMakeFiles/basestation_CM7.elf.dir/Buildfiles/CM7/startup_stm32h755xx_CM7.s.o
OTG_HS_EP1_IN_IRQHandler                          CMakeFiles/basestation_CM7.elf.dir/Buildfiles/CM7/startup_stm32h755xx_CM7.s.o
OTG_HS_EP1_OUT_IRQHandler                         CMakeFiles/basestation_CM7.elf.dir/Buildfiles/CM7/startup_stm32h755xx_CM7.s.o
OTG_HS_IRQHandler                                 CMakeFiles/basestation_CM7.elf.dir/Buildfiles/CM7/startup_stm32h755xx_CM7.s.o
OTG_HS_WKUP_IRQHandler                            CMakeFiles/basestation_CM7.elf.dir/Buildfiles/CM7/startup_stm32h755xx_CM7.s.o
PVD_AVD_IRQHandler                                CMakeFiles/basestation_CM7.elf.dir/Buildfiles/CM7/startup_stm32h755xx_CM7.s.o
PendSV_Handler                                    CMakeFiles/basestation_CM7.elf.dir/Buildfiles/CM7/startup_stm32h755xx_CM7.s.o
QUADSPI_IRQHandler                                CMakeFiles/basestation_CM7.elf.dir/Buildfiles/CM7/startup_stm32h755xx_CM7.s.o
RCC_IRQHandler                                    CMakeFiles/basestation_CM7.elf.dir/Buildfiles/CM7/startup_stm32h755xx_CM7.s.o
RTC_Alarm_IRQHandler                              CMakeFiles/basestation_CM7.elf.dir/Buildfiles/CM7/startup_stm32h755xx_CM7.s.o
RTC_WKUP_IRQHandler                               CMakeFiles/basestation_CM7.elf.dir/Buildfiles/CM7/startup_stm32h755xx_CM7.s.o
Reset_Handler                                     CMakeFiles/basestation_CM7.elf.dir/Buildfiles/CM7/startup_stm32h755xx_CM7.s.o
SAI1_IRQHandler                                   CMakeFiles/basestation_CM7.elf.dir/Buildfiles/CM7/startup_stm32h755xx_CM7.s.o
SAI2_IRQHandler                                   CMakeFiles/basestation_CM7.elf.dir/Buildfiles/CM7/startup_stm32h755xx_CM7.s.o
SAI3_IRQHandler                                   CMakeFiles/basestation_CM7.elf.dir/Buildfiles/CM7/startup_stm32h755xx_CM7.s.o
SAI4_IRQHandler                                   CMakeFiles/basestation_CM7.elf.dir/Buildfiles/CM7/startup_stm32h755xx_CM7.s.o
SDMMC1_IRQHandler                                 CMakeFiles/basestation_CM7.elf.dir/Buildfiles/CM7/startup_stm32h755xx_CM7.s.o
SDMMC2_IRQHandler                                 CMakeFiles/basestation_CM7.elf.dir/Buildfiles/CM7/startup_stm32h755xx_CM7.s.o
SPDIF_RX_IRQHandler                               CMakeFiles/basestation_CM7.elf.dir/Buildfiles/CM7/startup_stm32h755xx_CM7.s.o
SPI1_IRQHandler                                   CMakeFiles/basestation_CM7.elf.dir/Buildfiles/CM7/startup_stm32h755xx_CM7.s.o
SPI2_IRQHandler                                   CMakeFiles/basestation_CM7.elf.dir/Buildfiles/CM7/startup_stm32h755xx_CM7.s.o
SPI3_IRQHandler                                   CMakeFiles/basestation_CM7.elf.dir/Buildfiles/CM7/startup_stm32h755xx_CM7.s.o
SPI4_IRQHandler                                   CMakeFiles/basestation_CM7.elf.dir/Buildfiles/CM7/startup_stm32h755xx_CM7.s.o
SPI5_IRQHandler                                   CMakeFiles/basestation_CM7.elf.dir/Buildfiles/CM7/startup_stm32h755xx_CM7.s.o
SPI6_IRQHandler                                   CMakeFiles/basestation_CM7.elf.dir/Buildfiles/CM7/startup_stm32h755xx_CM7.s.o
SVC_Handler                                       CMakeFiles/basestation_CM7.elf.dir/Buildfiles/CM7/startup_stm32h755xx_CM7.s.o
SWPMI1_IRQHandler                                 CMakeFiles/basestation_CM7.elf.dir/Buildfiles/CM7/startup_stm32h755xx_CM7.s.o
SysTick_Handler                                   CMakeFiles/basestation_CM7.elf.dir/Buildfiles/CM7/startup_stm32h755xx_CM7.s.o
SystemInit                                        CMakeFiles/basestation_CM7.elf.dir/Buildfiles/CM7/startup_stm32h755xx_CM7.s.o
TAMP_STAMP_IRQHandler                             CMakeFiles/basestation_CM7.elf.dir/Buildfiles/CM7/startup_stm32h755xx_CM7.s.o
TIM15_IRQHandler                                  CMakeFiles/basestation_CM7.elf.dir/Buildfiles/CM7/startup_stm32h755xx_CM7.s.o
TIM16_IRQHandler                                  CMakeFiles/basestation_CM7.elf.dir/Buildfiles/CM7/startup_stm32h755xx_CM7.s.o
TIM17_IRQHandler                                  CMakeFiles/basestation_CM7.elf.dir/Buildfiles/CM7/startup_stm32h755xx_CM7.s.o
TIM1_BRK_IRQHandler                               CMakeFiles/basestation_CM7.elf.dir/Buildfiles/CM7/startup_stm32h755xx_CM7.s.o
TIM1_CC_IRQHandler                                CMakeFiles/basestation_CM7.elf.dir/Buildfiles/CM7/startup_stm32h755xx_CM7.s.o
TIM1_TRG_COM_IRQHandler                           CMakeFiles/basestation_CM7.elf.dir/Buildfiles/CM7/startup_stm32h755xx_CM7.s.o
TIM1_UP_IRQHandler                                CMakeFiles/basestation_CM7.elf.dir/Buildfiles/CM7/startup_stm32h755xx_CM7.s.o
TIM2_IRQHandler                                   CMakeFiles/basestation_CM7.elf.dir/Buildfiles/CM7/startup_stm32h755xx_CM7.s.o
TIM3_IRQHandler                                   CMakeFiles/basestation_CM7.elf.dir/Buildfiles/CM7/startup_stm32h755xx_CM7.s.o
TIM4_IRQHandler                                   CMakeFiles/basestation_CM7.elf.dir/Buildfiles/CM7/startup_stm32h755xx_CM7.s.o
TIM5_IRQHandler                                   CMakeFiles/basestation_CM7.elf.dir/Buildfiles/CM7/startup_stm32h755xx_CM7.s.o
TIM6_DAC_IRQHandler                               CMakeFiles/basestation_CM7.elf.dir/Buildfiles/CM7/startup_stm32h755xx_CM7.s.o
TIM7_IRQHandler                                   CMakeFiles/basestation_CM7.elf.dir/Buildfiles/CM7/startup_stm32h755xx_CM7.s.o
TIM8_BRK_TIM12_IRQHandler                         CMakeFiles/basestation_CM7.elf.dir/Buildfiles/CM7/startup_stm32h755xx_CM7.s.o
TIM8_CC_IRQHandler                                CMakeFiles/basestation_CM7.elf.dir/Buildfiles/CM7/startup_stm32h755xx_CM7.s.o
TIM8_TRG_COM_TIM14_IRQHandler                     CMakeFiles/basestation_CM7.elf.dir/Buildfiles/CM7/startup_stm32h755xx_CM7.s.o
TIM8_UP_TIM13_IRQHandler                          CMakeFiles/basestation_CM7.elf.dir/Buildfiles/CM7/startup_stm32h755xx_CM7.s.o
UART4_IRQHandler                                  CMakeFiles/basestation_CM7.elf.dir/Buildfiles/CM7/startup_stm32h755xx_CM7.s.o
UART5_IRQHandler                                  CMakeFiles/basestation_CM7.elf.dir/Buildfiles/CM7/startup_stm32h755xx_CM7.s.o
UART7_IRQHandler                                  CMakeFiles/basestation_CM7.elf.dir/Buildfiles/CM7/startup_stm32h755xx_CM7.s.o
UART8_IRQHandler                                  CMakeFiles/basestation_CM7.elf.dir/Buildfiles/CM7/startup_stm32h755xx_CM7.s.o
USART1_IRQHandler                                 CMakeFiles/basestation_CM7.elf.dir/Buildfiles/CM7/startup_stm32h755xx_CM7.s.o
USART2_IRQHandler                                 CMakeFiles/basestation_CM7.elf.dir/Buildfiles/CM7/startup_stm32h755xx_CM7.s.o
USART3_IRQHandler                                 CMakeFiles/basestation_CM7.elf.dir/Buildfiles/CM7/startup_stm32h755xx_CM7.s.o
USART6_IRQHandler                                 CMakeFiles/basestation_CM7.elf.dir/Buildfiles/CM7/startup_stm32h755xx_CM7.s.o
UsageFault_Handler                                CMakeFiles/basestation_CM7.elf.dir/Buildfiles/CM7/startup_stm32h755xx_CM7.s.o
WAKEUP_PIN_IRQHandler                             CMakeFiles/basestation_CM7.elf.dir/Buildfiles/CM7/startup_stm32h755xx_CM7.s.o
WWDG_IRQHandler                                   CMakeFiles/basestation_CM7.elf.dir/Buildfiles/CM7/startup_stm32h755xx_CM7.s.o
WWDG_RST_IRQHandler                               CMakeFiles/basestation_CM7.elf.dir/Buildfiles/CM7/startup_stm32h755xx_CM7.s.o
__atexit                                          /usr/lib/gcc/arm-none-eabi/14.1.0/../../../../arm-none-eabi/lib/thumb/v7e-m/nofp/libc_nano.a(libc_a-__call_atexit.o)
                                                  /usr/lib/gcc/arm-none-eabi/14.1.0/../../../../arm-none-eabi/lib/thumb/v7e-m/nofp/libc_nano.a(libc_a-__atexit.o)
__atexit0                                         /usr/lib/gcc/arm-none-eabi/14.1.0/../../../../arm-none-eabi/lib/thumb/v7e-m/nofp/libc_nano.a(libc_a-__atexit.o)
__atexit_dummy                                    /usr/lib/gcc/arm-none-eabi/14.1.0/../../../../arm-none-eabi/lib/thumb/v7e-m/nofp/libc_nano.a(libc_a-__atexit.o)
__atexit_recursive_mutex                          /usr/lib/gcc/arm-none-eabi/14.1.0/../../../../arm-none-eabi/lib/thumb/v7e-m/nofp/libc_nano.a(libc_a-__call_atexit.o)
                                                  /usr/lib/gcc/arm-none-eabi/14.1.0/../../../../arm-none-eabi/lib/thumb/v7e-m/nofp/libc_nano.a(libc_a-__atexit.o)
__bss_end__                                       /usr/lib/gcc/arm-none-eabi/14.1.0/../../../../arm-none-eabi/lib/thumb/v7e-m/nofp/crt0.o
__bss_start__                                     /usr/lib/gcc/arm-none-eabi/14.1.0/../../../../arm-none-eabi/lib/thumb/v7e-m/nofp/crt0.o
__call_exitprocs                                  /usr/lib/gcc/arm-none-eabi/14.1.0/../../../../arm-none-eabi/lib/thumb/v7e-m/nofp/libc_nano.a(libc_a-__call_atexit.o)
                                                  /usr/lib/gcc/arm-none-eabi/14.1.0/../../../../arm-none-eabi/lib/thumb/v7e-m/nofp/libc_nano.a(libc_a-__atexit.o)
                                                  /usr/lib/gcc/arm-none-eabi/14.1.0/../../../../arm-none-eabi/lib/thumb/v7e-m/nofp/libc_nano.a(libc_a-exit.o)
__deregister_frame_info                           /usr/lib/gcc/arm-none-eabi/14.1.0/thumb/v7e-m/nofp/crtbegin.o
__dso_handle                                      /usr/lib/gcc/arm-none-eabi/14.1.0/thumb/v7e-m/nofp/crtbegin.o
__fini_array_end                                  /usr/lib/gcc/arm-none-eabi/14.1.0/../../../../arm-none-eabi/lib/thumb/v7e-m/nofp/libc_nano.a(libc_a-fini.o)
__fini_array_start                                /usr/lib/gcc/arm-none-eabi/14.1.0/../../../../arm-none-eabi/lib/thumb/v7e-m/nofp/libc_nano.a(libc_a-fini.o)
__fp_lock_all                                     /usr/lib/gcc/arm-none-eabi/14.1.0/../../../../arm-none-eabi/lib/thumb/v7e-m/nofp/libc_nano.a(libc_a-findfp.o)
__fp_unlock_all                                   /usr/lib/gcc/arm-none-eabi/14.1.0/../../../../arm-none-eabi/lib/thumb/v7e-m/nofp/libc_nano.a(libc_a-findfp.o)
__init_array_end                                  /usr/lib/gcc/arm-none-eabi/14.1.0/../../../../arm-none-eabi/lib/thumb/v7e-m/nofp/libc_nano.a(libc_a-init.o)
__init_array_start                                /usr/lib/gcc/arm-none-eabi/14.1.0/../../../../arm-none-eabi/lib/thumb/v7e-m/nofp/libc_nano.a(libc_a-init.o)
__libc_fini_array                                 /usr/lib/gcc/arm-none-eabi/14.1.0/../../../../arm-none-eabi/lib/thumb/v7e-m/nofp/libc_nano.a(libc_a-fini.o)
                                                  /usr/lib/gcc/arm-none-eabi/14.1.0/../../../../arm-none-eabi/lib/thumb/v7e-m/nofp/crt0.o
__libc_init_array                                 /usr/lib/gcc/arm-none-eabi/14.1.0/../../../../arm-none-eabi/lib/thumb/v7e-m/nofp/libc_nano.a(libc_a-init.o)
                                                  CMakeFiles/basestation_CM7.elf.dir/Buildfiles/CM7/startup_stm32h755xx_CM7.s.o
                                                  /usr/lib/gcc/arm-none-eabi/14.1.0/../../../../arm-none-eabi/lib/thumb/v7e-m/nofp/crt0.o
__lock___arc4random_mutex                         /usr/lib/gcc/arm-none-eabi/14.1.0/../../../../arm-none-eabi/lib/thumb/v7e-m/nofp/libc_nano.a(libc_a-lock.o)
__lock___at_quick_exit_mutex                      /usr/lib/gcc/arm-none-eabi/14.1.0/../../../../arm-none-eabi/lib/thumb/v7e-m/nofp/libc_nano.a(libc_a-lock.o)
__lock___atexit_recursive_mutex                   /usr/lib/gcc/arm-none-eabi/14.1.0/../../../../arm-none-eabi/lib/thumb/v7e-m/nofp/libc_nano.a(libc_a-lock.o)
                                                  /usr/lib/gcc/arm-none-eabi/14.1.0/../../../../arm-none-eabi/lib/thumb/v7e-m/nofp/libc_nano.a(libc_a-__call_atexit.o)
__lock___dd_hash_mutex                            /usr/lib/gcc/arm-none-eabi/14.1.0/../../../../arm-none-eabi/lib/thumb/v7e-m/nofp/libc_nano.a(libc_a-lock.o)
__lock___env_recursive_mutex                      /usr/lib/gcc/arm-none-eabi/14.1.0/../../../../arm-none-eabi/lib/thumb/v7e-m/nofp/libc_nano.a(libc_a-lock.o)
__lock___malloc_recursive_mutex                   /usr/lib/gcc/arm-none-eabi/14.1.0/../../../../arm-none-eabi/lib/thumb/v7e-m/nofp/libc_nano.a(libc_a-lock.o)
                                                  /usr/lib/gcc/arm-none-eabi/14.1.0/../../../../arm-none-eabi/lib/thumb/v7e-m/nofp/libc_nano.a(libc_a-mlock.o)
__lock___sfp_recursive_mutex                      /usr/lib/gcc/arm-none-eabi/14.1.0/../../../../arm-none-eabi/lib/thumb/v7e-m/nofp/libc_nano.a(libc_a-lock.o)
                                                  /usr/lib/gcc/arm-none-eabi/14.1.0/../../../../arm-none-eabi/lib/thumb/v7e-m/nofp/libc_nano.a(libc_a-findfp.o)
__lock___tz_mutex                                 /usr/lib/gcc/arm-none-eabi/14.1.0/../../../../arm-none-eabi/lib/thumb/v7e-m/nofp/libc_nano.a(libc_a-lock.o)
__malloc_free_list                                /usr/lib/gcc/arm-none-eabi/14.1.0/../../../../arm-none-eabi/lib/thumb/v7e-m/nofp/libc_nano.a(libc_a-mallocr.o)
                                                  /usr/lib/gcc/arm-none-eabi/14.1.0/../../../../arm-none-eabi/lib/thumb/v7e-m/nofp/libc_nano.a(libc_a-freer.o)
__malloc_lock                                     /usr/lib/gcc/arm-none-eabi/14.1.0/../../../../arm-none-eabi/lib/thumb/v7e-m/nofp/libc_nano.a(libc_a-mlock.o)
                                                  /usr/lib/gcc/arm-none-eabi/14.1.0/../../../../arm-none-eabi/lib/thumb/v7e-m/nofp/libc_nano.a(libc_a-mallocr.o)
                                                  /usr/lib/gcc/arm-none-eabi/14.1.0/../../../../arm-none-eabi/lib/thumb/v7e-m/nofp/libc_nano.a(libc_a-freer.o)
__malloc_sbrk_start                               /usr/lib/gcc/arm-none-eabi/14.1.0/../../../../arm-none-eabi/lib/thumb/v7e-m/nofp/libc_nano.a(libc_a-mallocr.o)
__malloc_unlock                                   /usr/lib/gcc/arm-none-eabi/14.1.0/../../../../arm-none-eabi/lib/thumb/v7e-m/nofp/libc_nano.a(libc_a-mlock.o)
                                                  /usr/lib/gcc/arm-none-eabi/14.1.0/../../../../arm-none-eabi/lib/thumb/v7e-m/nofp/libc_nano.a(libc_a-mallocr.o)
                                                  /usr/lib/gcc/arm-none-eabi/14.1.0/../../../../arm-none-eabi/lib/thumb/v7e-m/nofp/libc_nano.a(libc_a-freer.o)
__on_exit_args                                    /usr/lib/gcc/arm-none-eabi/14.1.0/../../../../arm-none-eabi/lib/thumb/v7e-m/nofp/libc_nano.a(libc_a-__atexit.o)
__preinit_array_end                               /usr/lib/gcc/arm-none-eabi/14.1.0/../../../../arm-none-eabi/lib/thumb/v7e-m/nofp/libc_nano.a(libc_a-init.o)
__preinit_array_start                             /usr/lib/gcc/arm-none-eabi/14.1.0/../../../../arm-none-eabi/lib/thumb/v7e-m/nofp/libc_nano.a(libc_a-init.o)
__register_exitproc                               /usr/lib/gcc/arm-none-eabi/14.1.0/../../../../arm-none-eabi/lib/thumb/v7e-m/nofp/libc_nano.a(libc_a-__atexit.o)
                                                  /usr/lib/gcc/arm-none-eabi/14.1.0/../../../../arm-none-eabi/lib/thumb/v7e-m/nofp/libc_nano.a(libc_a-atexit.o)
__register_frame_info                             /usr/lib/gcc/arm-none-eabi/14.1.0/thumb/v7e-m/nofp/crtbegin.o
__retarget_lock_acquire                           /usr/lib/gcc/arm-none-eabi/14.1.0/../../../../arm-none-eabi/lib/thumb/v7e-m/nofp/libc_nano.a(libc_a-lock.o)
__retarget_lock_acquire_recursive                 /usr/lib/gcc/arm-none-eabi/14.1.0/../../../../arm-none-eabi/lib/thumb/v7e-m/nofp/libc_nano.a(libc_a-lock.o)
                                                  /usr/lib/gcc/arm-none-eabi/14.1.0/../../../../arm-none-eabi/lib/thumb/v7e-m/nofp/libc_nano.a(libc_a-fflush.o)
                                                  /usr/lib/gcc/arm-none-eabi/14.1.0/../../../../arm-none-eabi/lib/thumb/v7e-m/nofp/libc_nano.a(libc_a-mlock.o)
                                                  /usr/lib/gcc/arm-none-eabi/14.1.0/../../../../arm-none-eabi/lib/thumb/v7e-m/nofp/libc_nano.a(libc_a-__call_atexit.o)
                                                  /usr/lib/gcc/arm-none-eabi/14.1.0/../../../../arm-none-eabi/lib/thumb/v7e-m/nofp/libc_nano.a(libc_a-__atexit.o)
                                                  /usr/lib/gcc/arm-none-eabi/14.1.0/../../../../arm-none-eabi/lib/thumb/v7e-m/nofp/libc_nano.a(libc_a-findfp.o)
__retarget_lock_close                             /usr/lib/gcc/arm-none-eabi/14.1.0/../../../../arm-none-eabi/lib/thumb/v7e-m/nofp/libc_nano.a(libc_a-lock.o)
__retarget_lock_close_recursive                   /usr/lib/gcc/arm-none-eabi/14.1.0/../../../../arm-none-eabi/lib/thumb/v7e-m/nofp/libc_nano.a(libc_a-lock.o)
__retarget_lock_init                              /usr/lib/gcc/arm-none-eabi/14.1.0/../../../../arm-none-eabi/lib/thumb/v7e-m/nofp/libc_nano.a(libc_a-lock.o)
__retarget_lock_init_recursive                    /usr/lib/gcc/arm-none-eabi/14.1.0/../../../../arm-none-eabi/lib/thumb/v7e-m/nofp/libc_nano.a(libc_a-lock.o)
                                                  /usr/lib/gcc/arm-none-eabi/14.1.0/../../../../arm-none-eabi/lib/thumb/v7e-m/nofp/libc_nano.a(libc_a-findfp.o)
__retarget_lock_release                           /usr/lib/gcc/arm-none-eabi/14.1.0/../../../../arm-none-eabi/lib/thumb/v7e-m/nofp/libc_nano.a(libc_a-lock.o)
__retarget_lock_release_recursive                 /usr/lib/gcc/arm-none-eabi/14.1.0/../../../../arm-none-eabi/lib/thumb/v7e-m/nofp/libc_nano.a(libc_a-lock.o)
                                                  /usr/lib/gcc/arm-none-eabi/14.1.0/../../../../arm-none-eabi/lib/thumb/v7e-m/nofp/libc_nano.a(libc_a-fflush.o)
                                                  /usr/lib/gcc/arm-none-eabi/14.1.0/../../../../arm-none-eabi/lib/thumb/v7e-m/nofp/libc_nano.a(libc_a-mlock.o)
                                                  /usr/lib/gcc/arm-none-eabi/14.1.0/../../../../arm-none-eabi/lib/thumb/v7e-m/nofp/libc_nano.a(libc_a-__call_atexit.o)
                                                  /usr/lib/gcc/arm-none-eabi/14.1.0/../../../../arm-none-eabi/lib/thumb/v7e-m/nofp/libc_nano.a(libc_a-__atexit.o)
                                                  /usr/lib/gcc/arm-none-eabi/14.1.0/../../../../arm-none-eabi/lib/thumb/v7e-m/nofp/libc_nano.a(libc_a-findfp.o)
__retarget_lock_try_acquire                       /usr/lib/gcc/arm-none-eabi/14.1.0/../../../../arm-none-eabi/lib/thumb/v7e-m/nofp/libc_nano.a(libc_a-lock.o)
__retarget_lock_try_acquire_recursive             /usr/lib/gcc/arm-none-eabi/14.1.0/../../../../arm-none-eabi/lib/thumb/v7e-m/nofp/libc_nano.a(libc_a-lock.o)
__sclose                                          /usr/lib/gcc/arm-none-eabi/14.1.0/../../../../arm-none-eabi/lib/thumb/v7e-m/nofp/libc_nano.a(libc_a-stdio.o)
                                                  /usr/lib/gcc/arm-none-eabi/14.1.0/../../../../arm-none-eabi/lib/thumb/v7e-m/nofp/libc_nano.a(libc_a-findfp.o)
__seofread                                        /usr/lib/gcc/arm-none-eabi/14.1.0/../../../../arm-none-eabi/lib/thumb/v7e-m/nofp/libc_nano.a(libc_a-stdio.o)
__sf                                              /usr/lib/gcc/arm-none-eabi/14.1.0/../../../../arm-none-eabi/lib/thumb/v7e-m/nofp/libc_nano.a(libc_a-findfp.o)
                                                  /usr/lib/gcc/arm-none-eabi/14.1.0/../../../../arm-none-eabi/lib/thumb/v7e-m/nofp/libc_nano.a(libc_a-impure.o)
__sflush_r                                        /usr/lib/gcc/arm-none-eabi/14.1.0/../../../../arm-none-eabi/lib/thumb/v7e-m/nofp/libc_nano.a(libc_a-fflush.o)
__sfp                                             /usr/lib/gcc/arm-none-eabi/14.1.0/../../../../arm-none-eabi/lib/thumb/v7e-m/nofp/libc_nano.a(libc_a-findfp.o)
__sfp_lock_acquire                                /usr/lib/gcc/arm-none-eabi/14.1.0/../../../../arm-none-eabi/lib/thumb/v7e-m/nofp/libc_nano.a(libc_a-findfp.o)
__sfp_lock_release                                /usr/lib/gcc/arm-none-eabi/14.1.0/../../../../arm-none-eabi/lib/thumb/v7e-m/nofp/libc_nano.a(libc_a-findfp.o)
__sglue                                           /usr/lib/gcc/arm-none-eabi/14.1.0/../../../../arm-none-eabi/lib/thumb/v7e-m/nofp/libc_nano.a(libc_a-findfp.o)
                                                  /usr/lib/gcc/arm-none-eabi/14.1.0/../../../../arm-none-eabi/lib/thumb/v7e-m/nofp/libc_nano.a(libc_a-fflush.o)
__sinit                                           /usr/lib/gcc/arm-none-eabi/14.1.0/../../../../arm-none-eabi/lib/thumb/v7e-m/nofp/libc_nano.a(libc_a-findfp.o)
                                                  /usr/lib/gcc/arm-none-eabi/14.1.0/../../../../arm-none-eabi/lib/thumb/v7e-m/nofp/libc_nano.a(libc_a-fflush.o)
__sread                                           /usr/lib/gcc/arm-none-eabi/14.1.0/../../../../arm-none-eabi/lib/thumb/v7e-m/nofp/libc_nano.a(libc_a-stdio.o)
                                                  /usr/lib/gcc/arm-none-eabi/14.1.0/../../../../arm-none-eabi/lib/thumb/v7e-m/nofp/libc_nano.a(libc_a-findfp.o)
__sseek                                           /usr/lib/gcc/arm-none-eabi/14.1.0/../../../../arm-none-eabi/lib/thumb/v7e-m/nofp/libc_nano.a(libc_a-stdio.o)
                                                  /usr/lib/gcc/arm-none-eabi/14.1.0/../../../../arm-none-eabi/lib/thumb/v7e-m/nofp/libc_nano.a(libc_a-findfp.o)
__stack                                           /usr/lib/gcc/arm-none-eabi/14.1.0/../../../../arm-none-eabi/lib/thumb/v7e-m/nofp/crt0.o
__stdio_exit_handler                              /usr/lib/gcc/arm-none-eabi/14.1.0/../../../../arm-none-eabi/lib/thumb/v7e-m/nofp/libc_nano.a(libc_a-findfp.o)
                                                  /usr/lib/gcc/arm-none-eabi/14.1.0/../../../../arm-none-eabi/lib/thumb/v7e-m/nofp/libc_nano.a(libc_a-exit.o)
__swrite                                          /usr/lib/gcc/arm-none-eabi/14.1.0/../../../../arm-none-eabi/lib/thumb/v7e-m/nofp/libc_nano.a(libc_a-stdio.o)
                                                  /usr/lib/gcc/arm-none-eabi/14.1.0/../../../../arm-none-eabi/lib/thumb/v7e-m/nofp/libc_nano.a(libc_a-findfp.o)
_close                                            /usr/lib/gcc/arm-none-eabi/14.1.0/../../../../arm-none-eabi/lib/thumb/v7e-m/nofp/libnosys.a(close.o)
                                                  /usr/lib/gcc/arm-none-eabi/14.1.0/../../../../arm-none-eabi/lib/thumb/v7e-m/nofp/libc_nano.a(libc_a-closer.o)
_close_r                                          /usr/lib/gcc/arm-none-eabi/14.1.0/../../../../arm-none-eabi/lib/thumb/v7e-m/nofp/libc_nano.a(libc_a-closer.o)
                                                  /usr/lib/gcc/arm-none-eabi/14.1.0/../../../../arm-none-eabi/lib/thumb/v7e-m/nofp/libc_nano.a(libc_a-stdio.o)
_ebss                                             CMakeFiles/basestation_CM7.elf.dir/Buildfiles/CM7/startup_stm32h755xx_CM7.s.o
_edata                                            CMakeFiles/basestation_CM7.elf.dir/Buildfiles/CM7/startup_stm32h755xx_CM7.s.o
_estack                                           CMakeFiles/basestation_CM7.elf.dir/Buildfiles/CM7/startup_stm32h755xx_CM7.s.o
_exit                                             /usr/lib/gcc/arm-none-eabi/14.1.0/../../../../arm-none-eabi/lib/thumb/v7e-m/nofp/libnosys.a(_exit.o)
                                                  /usr/lib/gcc/arm-none-eabi/14.1.0/../../../../arm-none-eabi/lib/thumb/v7e-m/nofp/libc_nano.a(libc_a-exit.o)
_fflush_r                                         /usr/lib/gcc/arm-none-eabi/14.1.0/../../../../arm-none-eabi/lib/thumb/v7e-m/nofp/libc_nano.a(libc_a-fflush.o)
                                                  /usr/lib/gcc/arm-none-eabi/14.1.0/../../../../arm-none-eabi/lib/thumb/v7e-m/nofp/libc_nano.a(libc_a-findfp.o)
_fini                                             /usr/lib/gcc/arm-none-eabi/14.1.0/thumb/v7e-m/nofp/crti.o
                                                  /usr/lib/gcc/arm-none-eabi/14.1.0/../../../../arm-none-eabi/lib/thumb/v7e-m/nofp/libc_nano.a(libc_a-fini.o)
_free_r                                           /usr/lib/gcc/arm-none-eabi/14.1.0/../../../../arm-none-eabi/lib/thumb/v7e-m/nofp/libc_nano.a(libc_a-freer.o)
                                                  /usr/lib/gcc/arm-none-eabi/14.1.0/../../../../arm-none-eabi/lib/thumb/v7e-m/nofp/libc_nano.a(libc_a-fflush.o)
                                                  /usr/lib/gcc/arm-none-eabi/14.1.0/../../../../arm-none-eabi/lib/thumb/v7e-m/nofp/libc_nano.a(libc_a-reent.o)
_fwalk_sglue                                      /usr/lib/gcc/arm-none-eabi/14.1.0/../../../../arm-none-eabi/lib/thumb/v7e-m/nofp/libc_nano.a(libc_a-fwalk.o)
                                                  /usr/lib/gcc/arm-none-eabi/14.1.0/../../../../arm-none-eabi/lib/thumb/v7e-m/nofp/libc_nano.a(libc_a-fflush.o)
                                                  /usr/lib/gcc/arm-none-eabi/14.1.0/../../../../arm-none-eabi/lib/thumb/v7e-m/nofp/libc_nano.a(libc_a-findfp.o)
_impure_data                                      /usr/lib/gcc/arm-none-eabi/14.1.0/../../../../arm-none-eabi/lib/thumb/v7e-m/nofp/libc_nano.a(libc_a-impure.o)
                                                  /usr/lib/gcc/arm-none-eabi/14.1.0/../../../../arm-none-eabi/lib/thumb/v7e-m/nofp/libc_nano.a(libc_a-fflush.o)
                                                  /usr/lib/gcc/arm-none-eabi/14.1.0/../../../../arm-none-eabi/lib/thumb/v7e-m/nofp/libc_nano.a(libc_a-findfp.o)
_impure_ptr                                       /usr/lib/gcc/arm-none-eabi/14.1.0/../../../../arm-none-eabi/lib/thumb/v7e-m/nofp/libc_nano.a(libc_a-impure.o)
                                                  /usr/lib/gcc/arm-none-eabi/14.1.0/../../../../arm-none-eabi/lib/thumb/v7e-m/nofp/libc_nano.a(libc_a-fflush.o)
                                                  /usr/lib/gcc/arm-none-eabi/14.1.0/../../../../arm-none-eabi/lib/thumb/v7e-m/nofp/libc_nano.a(libc_a-reent.o)
_init                                             /usr/lib/gcc/arm-none-eabi/14.1.0/thumb/v7e-m/nofp/crti.o
                                                  /usr/lib/gcc/arm-none-eabi/14.1.0/../../../../arm-none-eabi/lib/thumb/v7e-m/nofp/libc_nano.a(libc_a-init.o)
_lseek                                            /usr/lib/gcc/arm-none-eabi/14.1.0/../../../../arm-none-eabi/lib/thumb/v7e-m/nofp/libnosys.a(lseek.o)
                                                  /usr/lib/gcc/arm-none-eabi/14.1.0/../../../../arm-none-eabi/lib/thumb/v7e-m/nofp/libc_nano.a(libc_a-lseekr.o)
_lseek_r                                          /usr/lib/gcc/arm-none-eabi/14.1.0/../../../../arm-none-eabi/lib/thumb/v7e-m/nofp/libc_nano.a(libc_a-lseekr.o)
                                                  /usr/lib/gcc/arm-none-eabi/14.1.0/../../../../arm-none-eabi/lib/thumb/v7e-m/nofp/libc_nano.a(libc_a-stdio.o)
_mainCRTStartup                                   /usr/lib/gcc/arm-none-eabi/14.1.0/../../../../arm-none-eabi/lib/thumb/v7e-m/nofp/crt0.o
_malloc_r                                         /usr/lib/gcc/arm-none-eabi/14.1.0/../../../../arm-none-eabi/lib/thumb/v7e-m/nofp/libc_nano.a(libc_a-mallocr.o)
                                                  /usr/lib/gcc/arm-none-eabi/14.1.0/../../../../arm-none-eabi/lib/thumb/v7e-m/nofp/libc_nano.a(libc_a-findfp.o)
_read                                             /usr/lib/gcc/arm-none-eabi/14.1.0/../../../../arm-none-eabi/lib/thumb/v7e-m/nofp/libnosys.a(read.o)
                                                  /usr/lib/gcc/arm-none-eabi/14.1.0/../../../../arm-none-eabi/lib/thumb/v7e-m/nofp/libc_nano.a(libc_a-readr.o)
_read_r                                           /usr/lib/gcc/arm-none-eabi/14.1.0/../../../../arm-none-eabi/lib/thumb/v7e-m/nofp/libc_nano.a(libc_a-readr.o)
                                                  /usr/lib/gcc/arm-none-eabi/14.1.0/../../../../arm-none-eabi/lib/thumb/v7e-m/nofp/libc_nano.a(libc_a-stdio.o)
_reclaim_reent                                    /usr/lib/gcc/arm-none-eabi/14.1.0/../../../../arm-none-eabi/lib/thumb/v7e-m/nofp/libc_nano.a(libc_a-reent.o)
_sbrk                                             /usr/lib/gcc/arm-none-eabi/14.1.0/../../../../arm-none-eabi/lib/thumb/v7e-m/nofp/libnosys.a(sbrk.o)
                                                  /usr/lib/gcc/arm-none-eabi/14.1.0/../../../../arm-none-eabi/lib/thumb/v7e-m/nofp/libc_nano.a(libc_a-sbrkr.o)
_sbrk_r                                           /usr/lib/gcc/arm-none-eabi/14.1.0/../../../../arm-none-eabi/lib/thumb/v7e-m/nofp/libc_nano.a(libc_a-sbrkr.o)
                                                  /usr/lib/gcc/arm-none-eabi/14.1.0/../../../../arm-none-eabi/lib/thumb/v7e-m/nofp/libc_nano.a(libc_a-mallocr.o)
_sbss                                             CMakeFiles/basestation_CM7.elf.dir/Buildfiles/CM7/startup_stm32h755xx_CM7.s.o
_sdata                                            CMakeFiles/basestation_CM7.elf.dir/Buildfiles/CM7/startup_stm32h755xx_CM7.s.o
_sidata                                           CMakeFiles/basestation_CM7.elf.dir/Buildfiles/CM7/startup_stm32h755xx_CM7.s.o
_stack_init                                       /usr/lib/gcc/arm-none-eabi/14.1.0/../../../../arm-none-eabi/lib/thumb/v7e-m/nofp/crt0.o
_start                                            /usr/lib/gcc/arm-none-eabi/14.1.0/../../../../arm-none-eabi/lib/thumb/v7e-m/nofp/crt0.o
_write                                            /usr/lib/gcc/arm-none-eabi/14.1.0/../../../../arm-none-eabi/lib/thumb/v7e-m/nofp/libnosys.a(write.o)
                                                  /usr/lib/gcc/arm-none-eabi/14.1.0/../../../../arm-none-eabi/lib/thumb/v7e-m/nofp/libc_nano.a(libc_a-writer.o)
_write_r                                          /usr/lib/gcc/arm-none-eabi/14.1.0/../../../../arm-none-eabi/lib/thumb/v7e-m/nofp/libc_nano.a(libc_a-writer.o)
                                                  /usr/lib/gcc/arm-none-eabi/14.1.0/../../../../arm-none-eabi/lib/thumb/v7e-m/nofp/libc_nano.a(libc_a-stdio.o)
atexit                                            /usr/lib/gcc/arm-none-eabi/14.1.0/../../../../arm-none-eabi/lib/thumb/v7e-m/nofp/libc_nano.a(libc_a-atexit.o)
                                                  /usr/lib/gcc/arm-none-eabi/14.1.0/../../../../arm-none-eabi/lib/thumb/v7e-m/nofp/crt0.o
end                                               /usr/lib/gcc/arm-none-eabi/14.1.0/../../../../arm-none-eabi/lib/thumb/v7e-m/nofp/libnosys.a(sbrk.o)
errno                                             /usr/lib/gcc/arm-none-eabi/14.1.0/../../../../arm-none-eabi/lib/thumb/v7e-m/nofp/libc_nano.a(libc_a-reent.o)
                                                  /usr/lib/gcc/arm-none-eabi/14.1.0/../../../../arm-none-eabi/lib/thumb/v7e-m/nofp/libnosys.a(write.o)
                                                  /usr/lib/gcc/arm-none-eabi/14.1.0/../../../../arm-none-eabi/lib/thumb/v7e-m/nofp/libnosys.a(read.o)
                                                  /usr/lib/gcc/arm-none-eabi/14.1.0/../../../../arm-none-eabi/lib/thumb/v7e-m/nofp/libnosys.a(lseek.o)
                                                  /usr/lib/gcc/arm-none-eabi/14.1.0/../../../../arm-none-eabi/lib/thumb/v7e-m/nofp/libnosys.a(close.o)
                                                  /usr/lib/gcc/arm-none-eabi/14.1.0/../../../../arm-none-eabi/lib/thumb/v7e-m/nofp/libc_nano.a(libc_a-sbrkr.o)
                                                  /usr/lib/gcc/arm-none-eabi/14.1.0/../../../../arm-none-eabi/lib/thumb/v7e-m/nofp/libc_nano.a(libc_a-writer.o)
                                                  /usr/lib/gcc/arm-none-eabi/14.1.0/../../../../arm-none-eabi/lib/thumb/v7e-m/nofp/libc_nano.a(libc_a-readr.o)
                                                  /usr/lib/gcc/arm-none-eabi/14.1.0/../../../../arm-none-eabi/lib/thumb/v7e-m/nofp/libc_nano.a(libc_a-lseekr.o)
                                                  /usr/lib/gcc/arm-none-eabi/14.1.0/../../../../arm-none-eabi/lib/thumb/v7e-m/nofp/libc_nano.a(libc_a-closer.o)
exit                                              /usr/lib/gcc/arm-none-eabi/14.1.0/../../../../arm-none-eabi/lib/thumb/v7e-m/nofp/libc_nano.a(libc_a-exit.o)
                                                  /usr/lib/gcc/arm-none-eabi/14.1.0/../../../../arm-none-eabi/lib/thumb/v7e-m/nofp/crt0.o
fflush                                            /usr/lib/gcc/arm-none-eabi/14.1.0/../../../../arm-none-eabi/lib/thumb/v7e-m/nofp/libc_nano.a(libc_a-fflush.o)
g_pfnVectors                                      CMakeFiles/basestation_CM7.elf.dir/Buildfiles/CM7/startup_stm32h755xx_CM7.s.o
hardware_init_hook                                /usr/lib/gcc/arm-none-eabi/14.1.0/../../../../arm-none-eabi/lib/thumb/v7e-m/nofp/crt0.o
main                                              CMakeFiles/basestation_CM7.elf.dir/Buildfiles/CM7/startup_stm32h755xx_CM7.s.o
                                                  /usr/lib/gcc/arm-none-eabi/14.1.0/../../../../arm-none-eabi/lib/thumb/v7e-m/nofp/crt0.o
malloc                                            /usr/lib/gcc/arm-none-eabi/14.1.0/../../../../arm-none-eabi/lib/thumb/v7e-m/nofp/libc_nano.a(libc_a-__atexit.o)
memset                                            /usr/lib/gcc/arm-none-eabi/14.1.0/../../../../arm-none-eabi/lib/thumb/v7e-m/nofp/libc_nano.a(libc_a-memset.o)
                                                  /usr/lib/gcc/arm-none-eabi/14.1.0/../../../../arm-none-eabi/lib/thumb/v7e-m/nofp/libc_nano.a(libc_a-findfp.o)
                                                  /usr/lib/gcc/arm-none-eabi/14.1.0/../../../../arm-none-eabi/lib/thumb/v7e-m/nofp/crt0.o
software_init_hook                                /usr/lib/gcc/arm-none-eabi/14.1.0/../../../../arm-none-eabi/lib/thumb/v7e-m/nofp/crt0.o
